[0.002s][info][gc] Using G1
[0.004s][info][gc,init] Version: 17.0.12+7-Ubuntu-1ubuntu222.04 (release)
[0.004s][info][gc,init] CPUs: 12 total, 12 available
[0.004s][info][gc,init] Memory: 31474M
[0.004s][info][gc,init] Large Page Support: Disabled
[0.004s][info][gc,init] NUMA Support: Disabled
[0.004s][info][gc,init] Compressed Oops: Enabled (Zero based)
[0.004s][info][gc,init] Heap Region Size: 4M
[0.004s][info][gc,init] Heap Min Capacity: 8M
[0.004s][info][gc,init] Heap Initial Capacity: 492M
[0.004s][info][gc,init] Heap Max Capacity: 7872M
[0.004s][info][gc,init] Pre-touch: Disabled
[0.004s][info][gc,init] Parallel Workers: 10
[0.004s][info][gc,init] Concurrent Workers: 3
[0.004s][info][gc,init] Concurrent Refinement Workers: 10
[0.004s][info][gc,init] Periodic GC: Disabled
[0.010s][info][gc,metaspace] CDS archive(s) mapped at: [0x00007f24df000000-0x00007f24dfbc4000-0x00007f24dfbc4000), size 12337152, SharedBaseAddress: 0x00007f24df000000, ArchiveRelocationMode: 1.
[0.010s][info][gc,metaspace] Compressed class space mapped at: 0x00007f24e0000000-0x00007f2520000000, reserved size: 1073741824
[0.010s][info][gc,metaspace] Narrow klass base: 0x00007f24df000000, Narrow klass shift: 0, Narrow klass range: 0x100000000
[0,283s][info][gc,start    ] GC(0) Pause Young (Normal) (G1 Evacuation Pause)
[0,283s][info][gc,task     ] GC(0) Using 10 workers of 10 for evacuation
[0,286s][info][gc,phases   ] GC(0)   Pre Evacuate Collection Set: 0,1ms
[0,286s][info][gc,phases   ] GC(0)   Merge Heap Roots: 0,2ms
[0,286s][info][gc,phases   ] GC(0)   Evacuate Collection Set: 1,6ms
[0,286s][info][gc,phases   ] GC(0)   Post Evacuate Collection Set: 0,3ms
[0,286s][info][gc,phases   ] GC(0)   Other: 1,0ms
[0,286s][info][gc,heap     ] GC(0) Eden regions: 6->0(5)
[0,286s][info][gc,heap     ] GC(0) Survivor regions: 0->1(1)
[0,286s][info][gc,heap     ] GC(0) Old regions: 0->1
[0,286s][info][gc,heap     ] GC(0) Archive regions: 2->2
[0,286s][info][gc,heap     ] GC(0) Humongous regions: 0->0
[0,286s][info][gc,metaspace] GC(0) Metaspace: 5257K(5376K)->5257K(5376K) NonClass: 4543K(4608K)->4543K(4608K) Class: 714K(768K)->714K(768K)
[0,286s][info][gc          ] GC(0) Pause Young (Normal) (G1 Evacuation Pause) 27M->9M(500M) 3,321ms
[0,286s][info][gc,cpu      ] GC(0) User=0,01s Sys=0,00s Real=0,00s
[0,440s][info][gc,start    ] GC(1) Pause Young (Normal) (G1 Evacuation Pause)
[0,440s][info][gc,task     ] GC(1) Using 10 workers of 10 for evacuation
[0,442s][info][gc,phases   ] GC(1)   Pre Evacuate Collection Set: 0,1ms
[0,442s][info][gc,phases   ] GC(1)   Merge Heap Roots: 0,1ms
[0,442s][info][gc,phases   ] GC(1)   Evacuate Collection Set: 1,7ms
[0,442s][info][gc,phases   ] GC(1)   Post Evacuate Collection Set: 0,3ms
[0,442s][info][gc,phases   ] GC(1)   Other: 0,1ms
[0,442s][info][gc,heap     ] GC(1) Eden regions: 5->0(10)
[0,442s][info][gc,heap     ] GC(1) Survivor regions: 1->1(1)
[0,442s][info][gc,heap     ] GC(1) Old regions: 1->2
[0,442s][info][gc,heap     ] GC(1) Archive regions: 2->2
[0,442s][info][gc,heap     ] GC(1) Humongous regions: 0->0
[0,442s][info][gc,metaspace] GC(1) Metaspace: 9597K(9856K)->9597K(9856K) NonClass: 8275K(8384K)->8275K(8384K) Class: 1322K(1472K)->1322K(1472K)
[0,442s][info][gc          ] GC(1) Pause Young (Normal) (G1 Evacuation Pause) 29M->11M(500M) 2,445ms
[0,442s][info][gc,cpu      ] GC(1) User=0,01s Sys=0,00s Real=0,00s
[0,669s][info][gc,start    ] GC(2) Pause Young (Normal) (G1 Evacuation Pause)
[0,669s][info][gc,task     ] GC(2) Using 10 workers of 10 for evacuation
[0,672s][info][gc,phases   ] GC(2)   Pre Evacuate Collection Set: 0,1ms
[0,672s][info][gc,phases   ] GC(2)   Merge Heap Roots: 0,1ms
[0,672s][info][gc,phases   ] GC(2)   Evacuate Collection Set: 2,5ms
[0,672s][info][gc,phases   ] GC(2)   Post Evacuate Collection Set: 0,3ms
[0,672s][info][gc,phases   ] GC(2)   Other: 0,1ms
[0,672s][info][gc,heap     ] GC(2) Eden regions: 10->0(40)
[0,672s][info][gc,heap     ] GC(2) Survivor regions: 1->2(2)
[0,672s][info][gc,heap     ] GC(2) Old regions: 2->2
[0,672s][info][gc,heap     ] GC(2) Archive regions: 2->2
[0,672s][info][gc,heap     ] GC(2) Humongous regions: 0->0
[0,672s][info][gc,metaspace] GC(2) Metaspace: 16537K(16768K)->16537K(16768K) NonClass: 14297K(14400K)->14297K(14400K) Class: 2239K(2368K)->2239K(2368K)
[0,672s][info][gc          ] GC(2) Pause Young (Normal) (G1 Evacuation Pause) 51M->15M(500M) 3,163ms
[0,672s][info][gc,cpu      ] GC(2) User=0,01s Sys=0,01s Real=0,00s
[1,095s][info][gc,start    ] GC(3) Pause Young (Concurrent Start) (Metadata GC Threshold)
[1,096s][info][gc,task     ] GC(3) Using 10 workers of 10 for evacuation
[1,100s][info][gc,phases   ] GC(3)   Pre Evacuate Collection Set: 0,1ms
[1,100s][info][gc,phases   ] GC(3)   Merge Heap Roots: 0,1ms
[1,100s][info][gc,phases   ] GC(3)   Evacuate Collection Set: 4,0ms
[1,100s][info][gc,phases   ] GC(3)   Post Evacuate Collection Set: 0,5ms
[1,100s][info][gc,phases   ] GC(3)   Other: 0,2ms
[1,100s][info][gc,heap     ] GC(3) Eden regions: 13->0(59)
[1,100s][info][gc,heap     ] GC(3) Survivor regions: 2->3(6)
[1,100s][info][gc,heap     ] GC(3) Old regions: 2->2
[1,100s][info][gc,heap     ] GC(3) Archive regions: 2->2
[1,100s][info][gc,heap     ] GC(3) Humongous regions: 0->0
[1,100s][info][gc,metaspace] GC(3) Metaspace: 21146K(21504K)->21146K(21504K) NonClass: 18181K(18432K)->18181K(18432K) Class: 2964K(3072K)->2964K(3072K)
[1,100s][info][gc          ] GC(3) Pause Young (Concurrent Start) (Metadata GC Threshold) 65M->18M(500M) 4,987ms
[1,101s][info][gc,cpu      ] GC(3) User=0,04s Sys=0,01s Real=0,01s
[1,101s][info][gc          ] GC(4) Concurrent Mark Cycle
[1,101s][info][gc,marking  ] GC(4) Concurrent Clear Claimed Marks
[1,101s][info][gc,marking  ] GC(4) Concurrent Clear Claimed Marks 0,049ms
[1,101s][info][gc,marking  ] GC(4) Concurrent Scan Root Regions
[1,105s][info][gc,marking  ] GC(4) Concurrent Scan Root Regions 4,146ms
[1,105s][info][gc,marking  ] GC(4) Concurrent Mark
[1,105s][info][gc,marking  ] GC(4) Concurrent Mark From Roots
[1,105s][info][gc,task     ] GC(4) Using 3 workers of 3 for marking
[1,108s][info][gc,marking  ] GC(4) Concurrent Mark From Roots 2,778ms
[1,108s][info][gc,marking  ] GC(4) Concurrent Preclean
[1,108s][info][gc,marking  ] GC(4) Concurrent Preclean 0,108ms
[1,108s][info][gc,start    ] GC(4) Pause Remark
[1,109s][info][gc          ] GC(4) Pause Remark 20M->20M(108M) 1,224ms
[1,109s][info][gc,cpu      ] GC(4) User=0,01s Sys=0,00s Real=0,01s
[1,109s][info][gc,marking  ] GC(4) Concurrent Mark 4,322ms
[1,109s][info][gc,marking  ] GC(4) Concurrent Rebuild Remembered Sets
[1,111s][info][gc,marking  ] GC(4) Concurrent Rebuild Remembered Sets 1,702ms
[1,111s][info][gc,start    ] GC(4) Pause Cleanup
[1,111s][info][gc          ] GC(4) Pause Cleanup 20M->20M(108M) 0,079ms
[1,111s][info][gc,cpu      ] GC(4) User=0,01s Sys=0,00s Real=0,00s
[1,111s][info][gc,marking  ] GC(4) Concurrent Cleanup for Next Mark
[1,111s][info][gc,marking  ] GC(4) Concurrent Cleanup for Next Mark 0,400ms
[1,111s][info][gc          ] GC(4) Concurrent Mark Cycle 10,942ms
[1,522s][info][gc,start    ] GC(5) Pause Young (Prepare Mixed) (G1 Evacuation Pause)
[1,522s][info][gc,task     ] GC(5) Using 6 workers of 10 for evacuation
[1,530s][info][gc,phases   ] GC(5)   Pre Evacuate Collection Set: 0,2ms
[1,530s][info][gc,phases   ] GC(5)   Merge Heap Roots: 0,1ms
[1,530s][info][gc,phases   ] GC(5)   Evacuate Collection Set: 6,8ms
[1,530s][info][gc,phases   ] GC(5)   Post Evacuate Collection Set: 0,6ms
[1,530s][info][gc,phases   ] GC(5)   Other: 0,1ms
[1,530s][info][gc,heap     ] GC(5) Eden regions: 13->0(1)
[1,530s][info][gc,heap     ] GC(5) Survivor regions: 3->2(2)
[1,530s][info][gc,heap     ] GC(5) Old regions: 2->4
[1,530s][info][gc,heap     ] GC(5) Archive regions: 2->2
[1,530s][info][gc,heap     ] GC(5) Humongous regions: 0->0
[1,530s][info][gc,metaspace] GC(5) Metaspace: 28571K(29056K)->28571K(29056K) NonClass: 24569K(24832K)->24569K(24832K) Class: 4001K(4224K)->4001K(4224K)
[1,530s][info][gc          ] GC(5) Pause Young (Prepare Mixed) (G1 Evacuation Pause) 70M->21M(108M) 7,840ms
[1,530s][info][gc,cpu      ] GC(5) User=0,04s Sys=0,00s Real=0,01s
[1,567s][info][gc,start    ] GC(6) Pause Young (Mixed) (G1 Evacuation Pause)
[1,567s][info][gc,task     ] GC(6) Using 8 workers of 10 for evacuation
[1,572s][info][gc,phases   ] GC(6)   Pre Evacuate Collection Set: 0,1ms
[1,572s][info][gc,phases   ] GC(6)   Merge Heap Roots: 0,1ms
[1,572s][info][gc,phases   ] GC(6)   Evacuate Collection Set: 4,3ms
[1,572s][info][gc,phases   ] GC(6)   Post Evacuate Collection Set: 0,9ms
[1,572s][info][gc,phases   ] GC(6)   Other: 0,2ms
[1,572s][info][gc,heap     ] GC(6) Eden regions: 1->0(44)
[1,572s][info][gc,heap     ] GC(6) Survivor regions: 2->1(1)
[1,572s][info][gc,heap     ] GC(6) Old regions: 4->5
[1,572s][info][gc,heap     ] GC(6) Archive regions: 2->2
[1,572s][info][gc,heap     ] GC(6) Humongous regions: 0->0
[1,572s][info][gc,metaspace] GC(6) Metaspace: 29031K(29440K)->29031K(29440K) NonClass: 24955K(25152K)->24955K(25152K) Class: 4076K(4288K)->4076K(4288K)
[1,572s][info][gc          ] GC(6) Pause Young (Mixed) (G1 Evacuation Pause) 25M->22M(300M) 5,750ms
[1,572s][info][gc,cpu      ] GC(6) User=0,02s Sys=0,01s Real=0,01s
[1,844s][info][gc,start    ] GC(7) Pause Young (Concurrent Start) (Metadata GC Threshold)
[1,844s][info][gc,task     ] GC(7) Using 8 workers of 10 for evacuation
[1,846s][info][gc,phases   ] GC(7)   Pre Evacuate Collection Set: 0,1ms
[1,846s][info][gc,phases   ] GC(7)   Merge Heap Roots: 0,1ms
[1,846s][info][gc,phases   ] GC(7)   Evacuate Collection Set: 1,8ms
[1,846s][info][gc,phases   ] GC(7)   Post Evacuate Collection Set: 0,3ms
[1,846s][info][gc,phases   ] GC(7)   Other: 0,2ms
[1,846s][info][gc,heap     ] GC(7) Eden regions: 10->0(44)
[1,846s][info][gc,heap     ] GC(7) Survivor regions: 1->1(6)
[1,846s][info][gc,heap     ] GC(7) Old regions: 5->5
[1,846s][info][gc,heap     ] GC(7) Archive regions: 2->2
[1,846s][info][gc,heap     ] GC(7) Humongous regions: 0->0
[1,846s][info][gc,metaspace] GC(7) Metaspace: 35686K(36096K)->35686K(36096K) NonClass: 30536K(30720K)->30536K(30720K) Class: 5150K(5376K)->5150K(5376K)
[1,846s][info][gc          ] GC(7) Pause Young (Concurrent Start) (Metadata GC Threshold) 60M->23M(300M) 2,580ms
[1,846s][info][gc,cpu      ] GC(7) User=0,02s Sys=0,00s Real=0,00s
[1,846s][info][gc          ] GC(8) Concurrent Mark Cycle
[1,846s][info][gc,marking  ] GC(8) Concurrent Clear Claimed Marks
[1,846s][info][gc,marking  ] GC(8) Concurrent Clear Claimed Marks 0,053ms
[1,846s][info][gc,marking  ] GC(8) Concurrent Scan Root Regions
[1,849s][info][gc,marking  ] GC(8) Concurrent Scan Root Regions 3,079ms
[1,849s][info][gc,marking  ] GC(8) Concurrent Mark
[1,849s][info][gc,marking  ] GC(8) Concurrent Mark From Roots
[1,849s][info][gc,task     ] GC(8) Using 3 workers of 3 for marking
[1,860s][info][gc,marking  ] GC(8) Concurrent Mark From Roots 10,609ms
[1,860s][info][gc,marking  ] GC(8) Concurrent Preclean
[1,860s][info][gc,marking  ] GC(8) Concurrent Preclean 0,175ms
[1,860s][info][gc,start    ] GC(8) Pause Remark
[1,862s][info][gc          ] GC(8) Pause Remark 25M->25M(120M) 1,520ms
[1,862s][info][gc,cpu      ] GC(8) User=0,00s Sys=0,00s Real=0,00s
[1,862s][info][gc,marking  ] GC(8) Concurrent Mark 12,563ms
[1,862s][info][gc,marking  ] GC(8) Concurrent Rebuild Remembered Sets
[1,868s][info][gc,marking  ] GC(8) Concurrent Rebuild Remembered Sets 5,600ms
[1,868s][info][gc,start    ] GC(8) Pause Cleanup
[1,868s][info][gc          ] GC(8) Pause Cleanup 27M->27M(120M) 0,101ms
[1,868s][info][gc,cpu      ] GC(8) User=0,00s Sys=0,00s Real=0,00s
[1,868s][info][gc,marking  ] GC(8) Concurrent Cleanup for Next Mark
[1,868s][info][gc,marking  ] GC(8) Concurrent Cleanup for Next Mark 0,420ms
[1,868s][info][gc          ] GC(8) Concurrent Mark Cycle 22,141ms
[2,350s][info][gc,start    ] GC(9) Pause Young (Prepare Mixed) (G1 Evacuation Pause)
[2,350s][info][gc,task     ] GC(9) Using 8 workers of 10 for evacuation
[2,354s][info][gc,phases   ] GC(9)   Pre Evacuate Collection Set: 0,1ms
[2,354s][info][gc,phases   ] GC(9)   Merge Heap Roots: 0,1ms
[2,354s][info][gc,phases   ] GC(9)   Evacuate Collection Set: 3,5ms
[2,354s][info][gc,phases   ] GC(9)   Post Evacuate Collection Set: 0,5ms
[2,354s][info][gc,phases   ] GC(9)   Other: 0,1ms
[2,354s][info][gc,heap     ] GC(9) Eden regions: 17->0(1)
[2,354s][info][gc,heap     ] GC(9) Survivor regions: 1->2(3)
[2,354s][info][gc,heap     ] GC(9) Old regions: 5->5
[2,354s][info][gc,heap     ] GC(9) Archive regions: 2->2
[2,354s][info][gc,heap     ] GC(9) Humongous regions: 0->0
[2,354s][info][gc,metaspace] GC(9) Metaspace: 47241K(47616K)->47241K(47616K) NonClass: 40434K(40640K)->40434K(40640K) Class: 6807K(6976K)->6807K(6976K)
[2,354s][info][gc          ] GC(9) Pause Young (Prepare Mixed) (G1 Evacuation Pause) 91M->27M(120M) 4,447ms
[2,354s][info][gc,cpu      ] GC(9) User=0,03s Sys=0,00s Real=0,00s
[2,376s][info][gc,start    ] GC(10) Pause Young (Mixed) (G1 Evacuation Pause)
[2,376s][info][gc,task     ] GC(10) Using 8 workers of 10 for evacuation
[2,380s][info][gc,phases   ] GC(10)   Pre Evacuate Collection Set: 0,1ms
[2,380s][info][gc,phases   ] GC(10)   Merge Heap Roots: 0,1ms
[2,380s][info][gc,phases   ] GC(10)   Evacuate Collection Set: 3,9ms
[2,380s][info][gc,phases   ] GC(10)   Post Evacuate Collection Set: 0,4ms
[2,380s][info][gc,phases   ] GC(10)   Other: 0,1ms
[2,380s][info][gc,heap     ] GC(10) Eden regions: 1->0(14)
[2,381s][info][gc,heap     ] GC(10) Survivor regions: 2->1(1)
[2,381s][info][gc,heap     ] GC(10) Old regions: 5->6
[2,381s][info][gc,heap     ] GC(10) Archive regions: 2->2
[2,381s][info][gc,heap     ] GC(10) Humongous regions: 0->0
[2,381s][info][gc,metaspace] GC(10) Metaspace: 47397K(47808K)->47397K(47808K) NonClass: 40564K(40768K)->40564K(40768K) Class: 6833K(7040K)->6833K(7040K)
[2,381s][info][gc          ] GC(10) Pause Young (Mixed) (G1 Evacuation Pause) 31M->27M(120M) 4,694ms
[2,381s][info][gc,cpu      ] GC(10) User=0,03s Sys=0,01s Real=0,01s
[2,749s][info][gc,start    ] GC(11) Pause Young (Normal) (G1 Evacuation Pause)
[2,749s][info][gc,task     ] GC(11) Using 8 workers of 10 for evacuation
[2,753s][info][gc,phases   ] GC(11)   Pre Evacuate Collection Set: 0,1ms
[2,753s][info][gc,phases   ] GC(11)   Merge Heap Roots: 0,1ms
[2,753s][info][gc,phases   ] GC(11)   Evacuate Collection Set: 2,9ms
[2,753s][info][gc,phases   ] GC(11)   Post Evacuate Collection Set: 0,5ms
[2,753s][info][gc,phases   ] GC(11)   Other: 0,1ms
[2,753s][info][gc,heap     ] GC(11) Eden regions: 14->0(13)
[2,753s][info][gc,heap     ] GC(11) Survivor regions: 1->2(2)
[2,753s][info][gc,heap     ] GC(11) Old regions: 6->6
[2,753s][info][gc,heap     ] GC(11) Archive regions: 2->2
[2,753s][info][gc,heap     ] GC(11) Humongous regions: 0->0
[2,753s][info][gc,metaspace] GC(11) Metaspace: 50625K(51136K)->50625K(51136K) NonClass: 43301K(43584K)->43301K(43584K) Class: 7324K(7552K)->7324K(7552K)
[2,753s][info][gc          ] GC(11) Pause Young (Normal) (G1 Evacuation Pause) 83M->30M(120M) 3,756ms
[2,753s][info][gc,cpu      ] GC(11) User=0,02s Sys=0,00s Real=0,00s
[217,850s][info][gc,heap,exit] Heap
[217,850s][info][gc,heap,exit]  garbage-first heap   total 122880K, used 48939K [0x0000000614000000, 0x0000000800000000)
[217,851s][info][gc,heap,exit]   region size 4096K, 7 young (28672K), 2 survivors (8192K)
[217,851s][info][gc,heap,exit]  Metaspace       used 54512K, committed 55104K, reserved 1114112K
[217,851s][info][gc,heap,exit]   class space    used 7794K, committed 8064K, reserved 1048576K
