[0.002s][info][gc] Using G1
[0.003s][info][gc,init] Version: 17.0.12+7-Ubuntu-1ubuntu222.04 (release)
[0.003s][info][gc,init] CPUs: 12 total, 12 available
[0.003s][info][gc,init] Memory: 31474M
[0.003s][info][gc,init] Large Page Support: Disabled
[0.003s][info][gc,init] NUMA Support: Disabled
[0.003s][info][gc,init] Compressed Oops: Enabled (Zero based)
[0.003s][info][gc,init] Heap Region Size: 4M
[0.003s][info][gc,init] Heap Min Capacity: 8M
[0.003s][info][gc,init] Heap Initial Capacity: 492M
[0.003s][info][gc,init] Heap Max Capacity: 7872M
[0.003s][info][gc,init] Pre-touch: Disabled
[0.003s][info][gc,init] Parallel Workers: 10
[0.003s][info][gc,init] Concurrent Workers: 3
[0.003s][info][gc,init] Concurrent Refinement Workers: 10
[0.003s][info][gc,init] Periodic GC: Disabled
[0.008s][info][gc,metaspace] CDS archive(s) mapped at: [0x00007f0b4f000000-0x00007f0b4fbc4000-0x00007f0b4fbc4000), size 12337152, SharedBaseAddress: 0x00007f0b4f000000, ArchiveRelocationMode: 1.
[0.008s][info][gc,metaspace] Compressed class space mapped at: 0x00007f0b50000000-0x00007f0b90000000, reserved size: 1073741824
[0.008s][info][gc,metaspace] Narrow klass base: 0x00007f0b4f000000, Narrow klass shift: 0, Narrow klass range: 0x100000000
[0,281s][info][gc,start    ] GC(0) Pause Young (Normal) (G1 Evacuation Pause)
[0,281s][info][gc,task     ] GC(0) Using 10 workers of 10 for evacuation
[0,284s][info][gc,phases   ] GC(0)   Pre Evacuate Collection Set: 0,1ms
[0,284s][info][gc,phases   ] GC(0)   Merge Heap Roots: 0,1ms
[0,284s][info][gc,phases   ] GC(0)   Evacuate Collection Set: 1,7ms
[0,284s][info][gc,phases   ] GC(0)   Post Evacuate Collection Set: 0,4ms
[0,284s][info][gc,phases   ] GC(0)   Other: 0,6ms
[0,284s][info][gc,heap     ] GC(0) Eden regions: 6->0(5)
[0,284s][info][gc,heap     ] GC(0) Survivor regions: 0->1(1)
[0,284s][info][gc,heap     ] GC(0) Old regions: 0->1
[0,284s][info][gc,heap     ] GC(0) Archive regions: 2->2
[0,284s][info][gc,heap     ] GC(0) Humongous regions: 0->0
[0,284s][info][gc,metaspace] GC(0) Metaspace: 5196K(5312K)->5196K(5312K) NonClass: 4490K(4544K)->4490K(4544K) Class: 706K(768K)->706K(768K)
[0,284s][info][gc          ] GC(0) Pause Young (Normal) (G1 Evacuation Pause) 27M->9M(500M) 3,083ms
[0,284s][info][gc,cpu      ] GC(0) User=0,01s Sys=0,00s Real=0,00s
[0,429s][info][gc,start    ] GC(1) Pause Young (Normal) (G1 Evacuation Pause)
[0,429s][info][gc,task     ] GC(1) Using 10 workers of 10 for evacuation
[0,432s][info][gc,phases   ] GC(1)   Pre Evacuate Collection Set: 0,1ms
[0,432s][info][gc,phases   ] GC(1)   Merge Heap Roots: 0,0ms
[0,432s][info][gc,phases   ] GC(1)   Evacuate Collection Set: 1,8ms
[0,432s][info][gc,phases   ] GC(1)   Post Evacuate Collection Set: 0,2ms
[0,432s][info][gc,phases   ] GC(1)   Other: 0,1ms
[0,432s][info][gc,heap     ] GC(1) Eden regions: 5->0(10)
[0,432s][info][gc,heap     ] GC(1) Survivor regions: 1->1(1)
[0,432s][info][gc,heap     ] GC(1) Old regions: 1->2
[0,432s][info][gc,heap     ] GC(1) Archive regions: 2->2
[0,432s][info][gc,heap     ] GC(1) Humongous regions: 0->0
[0,432s][info][gc,metaspace] GC(1) Metaspace: 9529K(9792K)->9529K(9792K) NonClass: 8228K(8384K)->8228K(8384K) Class: 1300K(1408K)->1300K(1408K)
[0,432s][info][gc          ] GC(1) Pause Young (Normal) (G1 Evacuation Pause) 29M->11M(500M) 2,270ms
[0,432s][info][gc,cpu      ] GC(1) User=0,01s Sys=0,01s Real=0,01s
[0,673s][info][gc,start    ] GC(2) Pause Young (Normal) (G1 Evacuation Pause)
[0,673s][info][gc,task     ] GC(2) Using 10 workers of 10 for evacuation
[0,676s][info][gc,phases   ] GC(2)   Pre Evacuate Collection Set: 0,1ms
[0,676s][info][gc,phases   ] GC(2)   Merge Heap Roots: 0,1ms
[0,676s][info][gc,phases   ] GC(2)   Evacuate Collection Set: 2,8ms
[0,676s][info][gc,phases   ] GC(2)   Post Evacuate Collection Set: 0,3ms
[0,676s][info][gc,phases   ] GC(2)   Other: 0,1ms
[0,676s][info][gc,heap     ] GC(2) Eden regions: 10->0(25)
[0,676s][info][gc,heap     ] GC(2) Survivor regions: 1->2(2)
[0,676s][info][gc,heap     ] GC(2) Old regions: 2->2
[0,676s][info][gc,heap     ] GC(2) Archive regions: 2->2
[0,676s][info][gc,heap     ] GC(2) Humongous regions: 0->0
[0,676s][info][gc,metaspace] GC(2) Metaspace: 16559K(16832K)->16559K(16832K) NonClass: 14319K(14464K)->14319K(14464K) Class: 2240K(2368K)->2240K(2368K)
[0,676s][info][gc          ] GC(2) Pause Young (Normal) (G1 Evacuation Pause) 51M->15M(500M) 3,419ms
[0,676s][info][gc,cpu      ] GC(2) User=0,02s Sys=0,01s Real=0,00s
[1,116s][info][gc,start    ] GC(3) Pause Young (Concurrent Start) (Metadata GC Threshold)
[1,116s][info][gc,task     ] GC(3) Using 10 workers of 10 for evacuation
[1,120s][info][gc,phases   ] GC(3)   Pre Evacuate Collection Set: 0,1ms
[1,120s][info][gc,phases   ] GC(3)   Merge Heap Roots: 0,0ms
[1,120s][info][gc,phases   ] GC(3)   Evacuate Collection Set: 4,0ms
[1,121s][info][gc,phases   ] GC(3)   Post Evacuate Collection Set: 0,4ms
[1,121s][info][gc,phases   ] GC(3)   Other: 0,2ms
[1,121s][info][gc,heap     ] GC(3) Eden regions: 13->0(65)
[1,121s][info][gc,heap     ] GC(3) Survivor regions: 2->3(4)
[1,121s][info][gc,heap     ] GC(3) Old regions: 2->2
[1,121s][info][gc,heap     ] GC(3) Archive regions: 2->2
[1,121s][info][gc,heap     ] GC(3) Humongous regions: 0->0
[1,121s][info][gc,metaspace] GC(3) Metaspace: 21144K(21504K)->21144K(21504K) NonClass: 18179K(18368K)->18179K(18368K) Class: 2965K(3136K)->2965K(3136K)
[1,121s][info][gc          ] GC(3) Pause Young (Concurrent Start) (Metadata GC Threshold) 66M->18M(500M) 4,924ms
[1,121s][info][gc,cpu      ] GC(3) User=0,04s Sys=0,00s Real=0,01s
[1,121s][info][gc          ] GC(4) Concurrent Mark Cycle
[1,121s][info][gc,marking  ] GC(4) Concurrent Clear Claimed Marks
[1,121s][info][gc,marking  ] GC(4) Concurrent Clear Claimed Marks 0,046ms
[1,121s][info][gc,marking  ] GC(4) Concurrent Scan Root Regions
[1,125s][info][gc,marking  ] GC(4) Concurrent Scan Root Regions 4,318ms
[1,125s][info][gc,marking  ] GC(4) Concurrent Mark
[1,125s][info][gc,marking  ] GC(4) Concurrent Mark From Roots
[1,125s][info][gc,task     ] GC(4) Using 3 workers of 3 for marking
[1,127s][info][gc,marking  ] GC(4) Concurrent Mark From Roots 1,857ms
[1,127s][info][gc,marking  ] GC(4) Concurrent Preclean
[1,127s][info][gc,marking  ] GC(4) Concurrent Preclean 0,108ms
[1,127s][info][gc,start    ] GC(4) Pause Remark
[1,128s][info][gc          ] GC(4) Pause Remark 20M->20M(108M) 1,168ms
[1,128s][info][gc,cpu      ] GC(4) User=0,01s Sys=0,00s Real=0,00s
[1,128s][info][gc,marking  ] GC(4) Concurrent Mark 3,278ms
[1,128s][info][gc,marking  ] GC(4) Concurrent Rebuild Remembered Sets
[1,130s][info][gc,marking  ] GC(4) Concurrent Rebuild Remembered Sets 1,426ms
[1,130s][info][gc,start    ] GC(4) Pause Cleanup
[1,130s][info][gc          ] GC(4) Pause Cleanup 20M->20M(108M) 0,082ms
[1,130s][info][gc,cpu      ] GC(4) User=0,00s Sys=0,00s Real=0,00s
[1,130s][info][gc,marking  ] GC(4) Concurrent Cleanup for Next Mark
[1,130s][info][gc,marking  ] GC(4) Concurrent Cleanup for Next Mark 0,369ms
[1,130s][info][gc          ] GC(4) Concurrent Mark Cycle 9,761ms
[1,573s][info][gc,start    ] GC(5) Pause Young (Prepare Mixed) (G1 Evacuation Pause)
[1,573s][info][gc,task     ] GC(5) Using 6 workers of 10 for evacuation
[1,580s][info][gc,phases   ] GC(5)   Pre Evacuate Collection Set: 0,1ms
[1,580s][info][gc,phases   ] GC(5)   Merge Heap Roots: 0,1ms
[1,580s][info][gc,phases   ] GC(5)   Evacuate Collection Set: 5,6ms
[1,580s][info][gc,phases   ] GC(5)   Post Evacuate Collection Set: 0,6ms
[1,580s][info][gc,phases   ] GC(5)   Other: 0,1ms
[1,580s][info][gc,heap     ] GC(5) Eden regions: 13->0(1)
[1,580s][info][gc,heap     ] GC(5) Survivor regions: 3->2(2)
[1,580s][info][gc,heap     ] GC(5) Old regions: 2->4
[1,580s][info][gc,heap     ] GC(5) Archive regions: 2->2
[1,580s][info][gc,heap     ] GC(5) Humongous regions: 0->0
[1,580s][info][gc,metaspace] GC(5) Metaspace: 28880K(29312K)->28880K(29312K) NonClass: 24838K(25088K)->24838K(25088K) Class: 4042K(4224K)->4042K(4224K)
[1,580s][info][gc          ] GC(5) Pause Young (Prepare Mixed) (G1 Evacuation Pause) 70M->22M(108M) 6,594ms
[1,580s][info][gc,cpu      ] GC(5) User=0,03s Sys=0,00s Real=0,01s
[1,617s][info][gc,start    ] GC(6) Pause Young (Mixed) (G1 Evacuation Pause)
[1,617s][info][gc,task     ] GC(6) Using 8 workers of 10 for evacuation
[1,622s][info][gc,phases   ] GC(6)   Pre Evacuate Collection Set: 0,1ms
[1,622s][info][gc,phases   ] GC(6)   Merge Heap Roots: 0,1ms
[1,622s][info][gc,phases   ] GC(6)   Evacuate Collection Set: 4,4ms
[1,622s][info][gc,phases   ] GC(6)   Post Evacuate Collection Set: 0,6ms
[1,622s][info][gc,phases   ] GC(6)   Other: 0,1ms
[1,622s][info][gc,heap     ] GC(6) Eden regions: 1->0(44)
[1,622s][info][gc,heap     ] GC(6) Survivor regions: 2->1(1)
[1,622s][info][gc,heap     ] GC(6) Old regions: 4->5
[1,622s][info][gc,heap     ] GC(6) Archive regions: 2->2
[1,622s][info][gc,heap     ] GC(6) Humongous regions: 0->0
[1,622s][info][gc,metaspace] GC(6) Metaspace: 29334K(29760K)->29334K(29760K) NonClass: 25219K(25408K)->25219K(25408K) Class: 4115K(4352K)->4115K(4352K)
[1,622s][info][gc          ] GC(6) Pause Young (Mixed) (G1 Evacuation Pause) 26M->22M(300M) 5,384ms
[1,622s][info][gc,cpu      ] GC(6) User=0,04s Sys=0,00s Real=0,01s
[1,879s][info][gc,start    ] GC(7) Pause Young (Concurrent Start) (Metadata GC Threshold)
[1,879s][info][gc,task     ] GC(7) Using 8 workers of 10 for evacuation
[1,881s][info][gc,phases   ] GC(7)   Pre Evacuate Collection Set: 0,1ms
[1,881s][info][gc,phases   ] GC(7)   Merge Heap Roots: 0,1ms
[1,881s][info][gc,phases   ] GC(7)   Evacuate Collection Set: 2,1ms
[1,881s][info][gc,phases   ] GC(7)   Post Evacuate Collection Set: 0,2ms
[1,881s][info][gc,phases   ] GC(7)   Other: 0,1ms
[1,881s][info][gc,heap     ] GC(7) Eden regions: 10->0(44)
[1,881s][info][gc,heap     ] GC(7) Survivor regions: 1->1(6)
[1,881s][info][gc,heap     ] GC(7) Old regions: 5->5
[1,881s][info][gc,heap     ] GC(7) Archive regions: 2->2
[1,881s][info][gc,heap     ] GC(7) Humongous regions: 0->0
[1,881s][info][gc,metaspace] GC(7) Metaspace: 35716K(36096K)->35716K(36096K) NonClass: 30577K(30784K)->30577K(30784K) Class: 5138K(5312K)->5138K(5312K)
[1,881s][info][gc          ] GC(7) Pause Young (Concurrent Start) (Metadata GC Threshold) 60M->23M(300M) 2,726ms
[1,881s][info][gc,cpu      ] GC(7) User=0,02s Sys=0,00s Real=0,00s
[1,881s][info][gc          ] GC(8) Concurrent Mark Cycle
[1,881s][info][gc,marking  ] GC(8) Concurrent Clear Claimed Marks
[1,881s][info][gc,marking  ] GC(8) Concurrent Clear Claimed Marks 0,043ms
[1,882s][info][gc,marking  ] GC(8) Concurrent Scan Root Regions
[1,883s][info][gc,marking  ] GC(8) Concurrent Scan Root Regions 1,775ms
[1,883s][info][gc,marking  ] GC(8) Concurrent Mark
[1,883s][info][gc,marking  ] GC(8) Concurrent Mark From Roots
[1,883s][info][gc,task     ] GC(8) Using 3 workers of 3 for marking
[1,896s][info][gc,marking  ] GC(8) Concurrent Mark From Roots 12,463ms
[1,896s][info][gc,marking  ] GC(8) Concurrent Preclean
[1,896s][info][gc,marking  ] GC(8) Concurrent Preclean 0,131ms
[1,896s][info][gc,start    ] GC(8) Pause Remark
[1,898s][info][gc          ] GC(8) Pause Remark 25M->25M(120M) 1,582ms
[1,898s][info][gc,cpu      ] GC(8) User=0,01s Sys=0,00s Real=0,01s
[1,898s][info][gc,marking  ] GC(8) Concurrent Mark 14,337ms
[1,898s][info][gc,marking  ] GC(8) Concurrent Rebuild Remembered Sets
[1,904s][info][gc,marking  ] GC(8) Concurrent Rebuild Remembered Sets 6,276ms
[1,904s][info][gc,start    ] GC(8) Pause Cleanup
[1,904s][info][gc          ] GC(8) Pause Cleanup 25M->25M(120M) 0,091ms
[1,904s][info][gc,cpu      ] GC(8) User=0,00s Sys=0,00s Real=0,00s
[1,904s][info][gc,marking  ] GC(8) Concurrent Cleanup for Next Mark
[1,905s][info][gc,marking  ] GC(8) Concurrent Cleanup for Next Mark 0,493ms
[1,905s][info][gc          ] GC(8) Concurrent Mark Cycle 23,414ms
[2,425s][info][gc,start    ] GC(9) Pause Young (Prepare Mixed) (G1 Evacuation Pause)
[2,425s][info][gc,task     ] GC(9) Using 8 workers of 10 for evacuation
[2,430s][info][gc,phases   ] GC(9)   Pre Evacuate Collection Set: 0,1ms
[2,430s][info][gc,phases   ] GC(9)   Merge Heap Roots: 0,1ms
[2,430s][info][gc,phases   ] GC(9)   Evacuate Collection Set: 3,7ms
[2,430s][info][gc,phases   ] GC(9)   Post Evacuate Collection Set: 0,5ms
[2,430s][info][gc,phases   ] GC(9)   Other: 0,1ms
[2,430s][info][gc,heap     ] GC(9) Eden regions: 17->0(1)
[2,430s][info][gc,heap     ] GC(9) Survivor regions: 1->2(3)
[2,430s][info][gc,heap     ] GC(9) Old regions: 5->5
[2,430s][info][gc,heap     ] GC(9) Archive regions: 2->2
[2,430s][info][gc,heap     ] GC(9) Humongous regions: 0->0
[2,430s][info][gc,metaspace] GC(9) Metaspace: 47537K(48000K)->47537K(48000K) NonClass: 40691K(40960K)->40691K(40960K) Class: 6846K(7040K)->6846K(7040K)
[2,430s][info][gc          ] GC(9) Pause Young (Prepare Mixed) (G1 Evacuation Pause) 91M->27M(120M) 4,608ms
[2,430s][info][gc,cpu      ] GC(9) User=0,03s Sys=0,00s Real=0,01s
[2,454s][info][gc,start    ] GC(10) Pause Young (Mixed) (G1 Evacuation Pause)
[2,454s][info][gc,task     ] GC(10) Using 8 workers of 10 for evacuation
[2,459s][info][gc,phases   ] GC(10)   Pre Evacuate Collection Set: 0,1ms
[2,459s][info][gc,phases   ] GC(10)   Merge Heap Roots: 0,1ms
[2,459s][info][gc,phases   ] GC(10)   Evacuate Collection Set: 4,2ms
[2,459s][info][gc,phases   ] GC(10)   Post Evacuate Collection Set: 0,3ms
[2,459s][info][gc,phases   ] GC(10)   Other: 0,1ms
[2,459s][info][gc,heap     ] GC(10) Eden regions: 1->0(14)
[2,459s][info][gc,heap     ] GC(10) Survivor regions: 2->1(1)
[2,459s][info][gc,heap     ] GC(10) Old regions: 5->6
[2,459s][info][gc,heap     ] GC(10) Archive regions: 2->2
[2,459s][info][gc,heap     ] GC(10) Humongous regions: 0->0
[2,459s][info][gc,metaspace] GC(10) Metaspace: 47737K(48192K)->47737K(48192K) NonClass: 40858K(41088K)->40858K(41088K) Class: 6878K(7104K)->6878K(7104K)
[2,459s][info][gc          ] GC(10) Pause Young (Mixed) (G1 Evacuation Pause) 31M->27M(120M) 4,861ms
[2,459s][info][gc,cpu      ] GC(10) User=0,03s Sys=0,00s Real=0,01s
[2,839s][info][gc,start    ] GC(11) Pause Young (Normal) (G1 Evacuation Pause)
[2,839s][info][gc,task     ] GC(11) Using 8 workers of 10 for evacuation
[2,842s][info][gc,phases   ] GC(11)   Pre Evacuate Collection Set: 0,1ms
[2,842s][info][gc,phases   ] GC(11)   Merge Heap Roots: 0,1ms
[2,842s][info][gc,phases   ] GC(11)   Evacuate Collection Set: 3,1ms
[2,842s][info][gc,phases   ] GC(11)   Post Evacuate Collection Set: 0,5ms
[2,842s][info][gc,phases   ] GC(11)   Other: 0,1ms
[2,842s][info][gc,heap     ] GC(11) Eden regions: 14->0(13)
[2,842s][info][gc,heap     ] GC(11) Survivor regions: 1->2(2)
[2,842s][info][gc,heap     ] GC(11) Old regions: 6->6
[2,842s][info][gc,heap     ] GC(11) Archive regions: 2->2
[2,842s][info][gc,heap     ] GC(11) Humongous regions: 0->0
[2,842s][info][gc,metaspace] GC(11) Metaspace: 50911K(51456K)->50911K(51456K) NonClass: 43543K(43840K)->43543K(43840K) Class: 7368K(7616K)->7368K(7616K)
[2,842s][info][gc          ] GC(11) Pause Young (Normal) (G1 Evacuation Pause) 83M->30M(120M) 3,913ms
[2,842s][info][gc,cpu      ] GC(11) User=0,02s Sys=0,00s Real=0,00s
