[0.004s][info][gc] Using G1
[0.005s][info][gc,init] Version: 17.0.12+7-Ubuntu-1ubuntu222.04 (release)
[0.005s][info][gc,init] CPUs: 12 total, 12 available
[0.006s][info][gc,init] Memory: 31474M
[0.006s][info][gc,init] Large Page Support: Disabled
[0.006s][info][gc,init] NUMA Support: Disabled
[0.006s][info][gc,init] Compressed Oops: Enabled (Zero based)
[0.006s][info][gc,init] Heap Region Size: 4M
[0.006s][info][gc,init] Heap Min Capacity: 8M
[0.006s][info][gc,init] Heap Initial Capacity: 492M
[0.006s][info][gc,init] Heap Max Capacity: 7872M
[0.006s][info][gc,init] Pre-touch: Disabled
[0.006s][info][gc,init] Parallel Workers: 10
[0.006s][info][gc,init] Concurrent Workers: 3
[0.006s][info][gc,init] Concurrent Refinement Workers: 10
[0.006s][info][gc,init] Periodic GC: Disabled
[0.013s][info][gc,metaspace] CDS archive(s) mapped at: [0x00007fd963000000-0x00007fd963bc4000-0x00007fd963bc4000), size 12337152, SharedBaseAddress: 0x00007fd963000000, ArchiveRelocationMode: 1.
[0.013s][info][gc,metaspace] Compressed class space mapped at: 0x00007fd964000000-0x00007fd9a4000000, reserved size: 1073741824
[0.013s][info][gc,metaspace] Narrow klass base: 0x00007fd963000000, Narrow klass shift: 0, Narrow klass range: 0x100000000
[0,273s][info][gc,start    ] GC(0) Pause Young (Normal) (G1 Evacuation Pause)
[0,274s][info][gc,task     ] GC(0) Using 10 workers of 10 for evacuation
[0,276s][info][gc,phases   ] GC(0)   Pre Evacuate Collection Set: 0,1ms
[0,276s][info][gc,phases   ] GC(0)   Merge Heap Roots: 0,1ms
[0,276s][info][gc,phases   ] GC(0)   Evacuate Collection Set: 1,6ms
[0,276s][info][gc,phases   ] GC(0)   Post Evacuate Collection Set: 0,3ms
[0,276s][info][gc,phases   ] GC(0)   Other: 0,7ms
[0,276s][info][gc,heap     ] GC(0) Eden regions: 6->0(5)
[0,276s][info][gc,heap     ] GC(0) Survivor regions: 0->1(1)
[0,276s][info][gc,heap     ] GC(0) Old regions: 0->1
[0,276s][info][gc,heap     ] GC(0) Archive regions: 2->2
[0,276s][info][gc,heap     ] GC(0) Humongous regions: 0->0
[0,276s][info][gc,metaspace] GC(0) Metaspace: 5333K(5504K)->5333K(5504K) NonClass: 4603K(4672K)->4603K(4672K) Class: 730K(832K)->730K(832K)
[0,276s][info][gc          ] GC(0) Pause Young (Normal) (G1 Evacuation Pause) 27M->9M(500M) 2,800ms
[0,276s][info][gc,cpu      ] GC(0) User=0,01s Sys=0,01s Real=0,01s
[0,430s][info][gc,start    ] GC(1) Pause Young (Normal) (G1 Evacuation Pause)
[0,430s][info][gc,task     ] GC(1) Using 10 workers of 10 for evacuation
[0,433s][info][gc,phases   ] GC(1)   Pre Evacuate Collection Set: 0,1ms
[0,433s][info][gc,phases   ] GC(1)   Merge Heap Roots: 0,1ms
[0,433s][info][gc,phases   ] GC(1)   Evacuate Collection Set: 1,7ms
[0,433s][info][gc,phases   ] GC(1)   Post Evacuate Collection Set: 0,3ms
[0,433s][info][gc,phases   ] GC(1)   Other: 0,1ms
[0,433s][info][gc,heap     ] GC(1) Eden regions: 5->0(10)
[0,433s][info][gc,heap     ] GC(1) Survivor regions: 1->1(1)
[0,433s][info][gc,heap     ] GC(1) Old regions: 1->2
[0,433s][info][gc,heap     ] GC(1) Archive regions: 2->2
[0,433s][info][gc,heap     ] GC(1) Humongous regions: 0->0
[0,433s][info][gc,metaspace] GC(1) Metaspace: 9615K(9856K)->9615K(9856K) NonClass: 8292K(8384K)->8292K(8384K) Class: 1322K(1472K)->1322K(1472K)
[0,433s][info][gc          ] GC(1) Pause Young (Normal) (G1 Evacuation Pause) 29M->10M(500M) 2,329ms
[0,433s][info][gc,cpu      ] GC(1) User=0,01s Sys=0,01s Real=0,00s
[0,654s][info][gc,start    ] GC(2) Pause Young (Normal) (G1 Evacuation Pause)
[0,654s][info][gc,task     ] GC(2) Using 10 workers of 10 for evacuation
[0,657s][info][gc,phases   ] GC(2)   Pre Evacuate Collection Set: 0,1ms
[0,657s][info][gc,phases   ] GC(2)   Merge Heap Roots: 0,1ms
[0,657s][info][gc,phases   ] GC(2)   Evacuate Collection Set: 2,3ms
[0,657s][info][gc,phases   ] GC(2)   Post Evacuate Collection Set: 0,4ms
[0,657s][info][gc,phases   ] GC(2)   Other: 0,1ms
[0,657s][info][gc,heap     ] GC(2) Eden regions: 10->0(37)
[0,657s][info][gc,heap     ] GC(2) Survivor regions: 1->2(2)
[0,657s][info][gc,heap     ] GC(2) Old regions: 2->2
[0,657s][info][gc,heap     ] GC(2) Archive regions: 2->2
[0,657s][info][gc,heap     ] GC(2) Humongous regions: 0->0
[0,657s][info][gc,metaspace] GC(2) Metaspace: 16537K(16768K)->16537K(16768K) NonClass: 14298K(14400K)->14298K(14400K) Class: 2239K(2368K)->2239K(2368K)
[0,657s][info][gc          ] GC(2) Pause Young (Normal) (G1 Evacuation Pause) 50M->15M(500M) 3,062ms
[0,657s][info][gc,cpu      ] GC(2) User=0,02s Sys=0,00s Real=0,00s
[1,079s][info][gc,start    ] GC(3) Pause Young (Concurrent Start) (Metadata GC Threshold)
[1,079s][info][gc,task     ] GC(3) Using 10 workers of 10 for evacuation
[1,084s][info][gc,phases   ] GC(3)   Pre Evacuate Collection Set: 0,1ms
[1,084s][info][gc,phases   ] GC(3)   Merge Heap Roots: 0,1ms
[1,084s][info][gc,phases   ] GC(3)   Evacuate Collection Set: 3,6ms
[1,084s][info][gc,phases   ] GC(3)   Post Evacuate Collection Set: 0,5ms
[1,084s][info][gc,phases   ] GC(3)   Other: 0,2ms
[1,084s][info][gc,heap     ] GC(3) Eden regions: 13->0(59)
[1,084s][info][gc,heap     ] GC(3) Survivor regions: 2->3(5)
[1,084s][info][gc,heap     ] GC(3) Old regions: 2->2
[1,084s][info][gc,heap     ] GC(3) Archive regions: 2->2
[1,084s][info][gc,heap     ] GC(3) Humongous regions: 0->0
[1,084s][info][gc,metaspace] GC(3) Metaspace: 21149K(21504K)->21149K(21504K) NonClass: 18184K(18432K)->18184K(18432K) Class: 2964K(3072K)->2964K(3072K)
[1,084s][info][gc          ] GC(3) Pause Young (Concurrent Start) (Metadata GC Threshold) 65M->18M(500M) 4,577ms
[1,084s][info][gc,cpu      ] GC(3) User=0,03s Sys=0,00s Real=0,00s
[1,084s][info][gc          ] GC(4) Concurrent Mark Cycle
[1,084s][info][gc,marking  ] GC(4) Concurrent Clear Claimed Marks
[1,084s][info][gc,marking  ] GC(4) Concurrent Clear Claimed Marks 0,049ms
[1,084s][info][gc,marking  ] GC(4) Concurrent Scan Root Regions
[1,088s][info][gc,marking  ] GC(4) Concurrent Scan Root Regions 4,309ms
[1,088s][info][gc,marking  ] GC(4) Concurrent Mark
[1,088s][info][gc,marking  ] GC(4) Concurrent Mark From Roots
[1,088s][info][gc,task     ] GC(4) Using 3 workers of 3 for marking
[1,091s][info][gc,marking  ] GC(4) Concurrent Mark From Roots 3,112ms
[1,092s][info][gc,marking  ] GC(4) Concurrent Preclean
[1,092s][info][gc,marking  ] GC(4) Concurrent Preclean 0,111ms
[1,092s][info][gc,start    ] GC(4) Pause Remark
[1,093s][info][gc          ] GC(4) Pause Remark 20M->20M(108M) 1,161ms
[1,093s][info][gc,cpu      ] GC(4) User=0,01s Sys=0,00s Real=0,00s
[1,093s][info][gc,marking  ] GC(4) Concurrent Mark 4,626ms
[1,093s][info][gc,marking  ] GC(4) Concurrent Rebuild Remembered Sets
[1,094s][info][gc,marking  ] GC(4) Concurrent Rebuild Remembered Sets 0,989ms
[1,094s][info][gc,start    ] GC(4) Pause Cleanup
[1,094s][info][gc          ] GC(4) Pause Cleanup 20M->20M(108M) 0,106ms
[1,094s][info][gc,cpu      ] GC(4) User=0,00s Sys=0,00s Real=0,00s
[1,094s][info][gc,marking  ] GC(4) Concurrent Cleanup for Next Mark
[1,095s][info][gc,marking  ] GC(4) Concurrent Cleanup for Next Mark 0,395ms
[1,095s][info][gc          ] GC(4) Concurrent Mark Cycle 10,817ms
[1,497s][info][gc,start    ] GC(5) Pause Young (Prepare Mixed) (G1 Evacuation Pause)
[1,497s][info][gc,task     ] GC(5) Using 6 workers of 10 for evacuation
[1,505s][info][gc,phases   ] GC(5)   Pre Evacuate Collection Set: 0,1ms
[1,505s][info][gc,phases   ] GC(5)   Merge Heap Roots: 0,1ms
[1,505s][info][gc,phases   ] GC(5)   Evacuate Collection Set: 7,5ms
[1,505s][info][gc,phases   ] GC(5)   Post Evacuate Collection Set: 0,6ms
[1,505s][info][gc,phases   ] GC(5)   Other: 0,1ms
[1,505s][info][gc,heap     ] GC(5) Eden regions: 13->0(1)
[1,505s][info][gc,heap     ] GC(5) Survivor regions: 3->2(2)
[1,505s][info][gc,heap     ] GC(5) Old regions: 2->4
[1,505s][info][gc,heap     ] GC(5) Archive regions: 2->2
[1,505s][info][gc,heap     ] GC(5) Humongous regions: 0->0
[1,505s][info][gc,metaspace] GC(5) Metaspace: 28604K(29056K)->28604K(29056K) NonClass: 24594K(24832K)->24594K(24832K) Class: 4010K(4224K)->4010K(4224K)
[1,505s][info][gc          ] GC(5) Pause Young (Prepare Mixed) (G1 Evacuation Pause) 70M->21M(108M) 8,410ms
[1,505s][info][gc,cpu      ] GC(5) User=0,04s Sys=0,00s Real=0,01s
[1,539s][info][gc,start    ] GC(6) Pause Young (Mixed) (G1 Evacuation Pause)
[1,539s][info][gc,task     ] GC(6) Using 8 workers of 10 for evacuation
[1,544s][info][gc,phases   ] GC(6)   Pre Evacuate Collection Set: 0,1ms
[1,544s][info][gc,phases   ] GC(6)   Merge Heap Roots: 0,1ms
[1,544s][info][gc,phases   ] GC(6)   Evacuate Collection Set: 4,1ms
[1,544s][info][gc,phases   ] GC(6)   Post Evacuate Collection Set: 0,5ms
[1,544s][info][gc,phases   ] GC(6)   Other: 0,1ms
[1,544s][info][gc,heap     ] GC(6) Eden regions: 1->0(44)
[1,544s][info][gc,heap     ] GC(6) Survivor regions: 2->1(1)
[1,544s][info][gc,heap     ] GC(6) Old regions: 4->5
[1,544s][info][gc,heap     ] GC(6) Archive regions: 2->2
[1,544s][info][gc,heap     ] GC(6) Humongous regions: 0->0
[1,544s][info][gc,metaspace] GC(6) Metaspace: 29063K(29504K)->29063K(29504K) NonClass: 24979K(25216K)->24979K(25216K) Class: 4083K(4288K)->4083K(4288K)
[1,544s][info][gc          ] GC(6) Pause Young (Mixed) (G1 Evacuation Pause) 25M->22M(300M) 4,947ms
[1,544s][info][gc,cpu      ] GC(6) User=0,02s Sys=0,01s Real=0,00s
[1,809s][info][gc,start    ] GC(7) Pause Young (Concurrent Start) (Metadata GC Threshold)
[1,809s][info][gc,task     ] GC(7) Using 8 workers of 10 for evacuation
[1,811s][info][gc,phases   ] GC(7)   Pre Evacuate Collection Set: 0,1ms
[1,811s][info][gc,phases   ] GC(7)   Merge Heap Roots: 0,1ms
[1,811s][info][gc,phases   ] GC(7)   Evacuate Collection Set: 1,8ms
[1,811s][info][gc,phases   ] GC(7)   Post Evacuate Collection Set: 0,3ms
[1,811s][info][gc,phases   ] GC(7)   Other: 0,1ms
[1,811s][info][gc,heap     ] GC(7) Eden regions: 10->0(44)
[1,811s][info][gc,heap     ] GC(7) Survivor regions: 1->1(6)
[1,811s][info][gc,heap     ] GC(7) Old regions: 5->5
[1,811s][info][gc,heap     ] GC(7) Archive regions: 2->2
[1,811s][info][gc,heap     ] GC(7) Humongous regions: 0->0
[1,811s][info][gc,metaspace] GC(7) Metaspace: 35686K(36096K)->35686K(36096K) NonClass: 30536K(30720K)->30536K(30720K) Class: 5150K(5376K)->5150K(5376K)
[1,811s][info][gc          ] GC(7) Pause Young (Concurrent Start) (Metadata GC Threshold) 60M->23M(300M) 2,489ms
[1,811s][info][gc,cpu      ] GC(7) User=0,00s Sys=0,01s Real=0,00s
[1,811s][info][gc          ] GC(8) Concurrent Mark Cycle
[1,811s][info][gc,marking  ] GC(8) Concurrent Clear Claimed Marks
[1,811s][info][gc,marking  ] GC(8) Concurrent Clear Claimed Marks 0,043ms
[1,811s][info][gc,marking  ] GC(8) Concurrent Scan Root Regions
[1,814s][info][gc,marking  ] GC(8) Concurrent Scan Root Regions 2,382ms
[1,814s][info][gc,marking  ] GC(8) Concurrent Mark
[1,814s][info][gc,marking  ] GC(8) Concurrent Mark From Roots
[1,814s][info][gc,task     ] GC(8) Using 3 workers of 3 for marking
[1,827s][info][gc,marking  ] GC(8) Concurrent Mark From Roots 13,011ms
[1,827s][info][gc,marking  ] GC(8) Concurrent Preclean
[1,827s][info][gc,marking  ] GC(8) Concurrent Preclean 0,189ms
[1,827s][info][gc,start    ] GC(8) Pause Remark
[1,829s][info][gc          ] GC(8) Pause Remark 25M->25M(120M) 1,582ms
[1,829s][info][gc,cpu      ] GC(8) User=0,01s Sys=0,00s Real=0,00s
[1,829s][info][gc,marking  ] GC(8) Concurrent Mark 14,997ms
[1,829s][info][gc,marking  ] GC(8) Concurrent Rebuild Remembered Sets
[1,837s][info][gc,marking  ] GC(8) Concurrent Rebuild Remembered Sets 7,880ms
[1,837s][info][gc,start    ] GC(8) Pause Cleanup
[1,837s][info][gc          ] GC(8) Pause Cleanup 27M->27M(120M) 0,067ms
[1,837s][info][gc,cpu      ] GC(8) User=0,00s Sys=0,00s Real=0,00s
[1,837s][info][gc,marking  ] GC(8) Concurrent Cleanup for Next Mark
[1,838s][info][gc,marking  ] GC(8) Concurrent Cleanup for Next Mark 0,552ms
[1,838s][info][gc          ] GC(8) Concurrent Mark Cycle 26,230ms
[2,331s][info][gc,start    ] GC(9) Pause Young (Prepare Mixed) (G1 Evacuation Pause)
[2,332s][info][gc,task     ] GC(9) Using 8 workers of 10 for evacuation
[2,336s][info][gc,phases   ] GC(9)   Pre Evacuate Collection Set: 0,1ms
[2,336s][info][gc,phases   ] GC(9)   Merge Heap Roots: 0,1ms
[2,336s][info][gc,phases   ] GC(9)   Evacuate Collection Set: 4,2ms
[2,336s][info][gc,phases   ] GC(9)   Post Evacuate Collection Set: 0,5ms
[2,336s][info][gc,phases   ] GC(9)   Other: 0,1ms
[2,337s][info][gc,heap     ] GC(9) Eden regions: 17->0(1)
[2,337s][info][gc,heap     ] GC(9) Survivor regions: 1->2(3)
[2,337s][info][gc,heap     ] GC(9) Old regions: 5->5
[2,337s][info][gc,heap     ] GC(9) Archive regions: 2->2
[2,337s][info][gc,heap     ] GC(9) Humongous regions: 0->0
[2,337s][info][gc,metaspace] GC(9) Metaspace: 47239K(47616K)->47239K(47616K) NonClass: 40434K(40640K)->40434K(40640K) Class: 6804K(6976K)->6804K(6976K)
[2,337s][info][gc          ] GC(9) Pause Young (Prepare Mixed) (G1 Evacuation Pause) 91M->27M(120M) 5,079ms
[2,337s][info][gc,cpu      ] GC(9) User=0,03s Sys=0,00s Real=0,01s
[2,357s][info][gc,start    ] GC(10) Pause Young (Mixed) (G1 Evacuation Pause)
[2,357s][info][gc,task     ] GC(10) Using 8 workers of 10 for evacuation
[2,362s][info][gc,phases   ] GC(10)   Pre Evacuate Collection Set: 0,1ms
[2,362s][info][gc,phases   ] GC(10)   Merge Heap Roots: 0,1ms
[2,362s][info][gc,phases   ] GC(10)   Evacuate Collection Set: 3,9ms
[2,362s][info][gc,phases   ] GC(10)   Post Evacuate Collection Set: 0,4ms
[2,362s][info][gc,phases   ] GC(10)   Other: 0,1ms
[2,362s][info][gc,heap     ] GC(10) Eden regions: 1->0(14)
[2,362s][info][gc,heap     ] GC(10) Survivor regions: 2->1(1)
[2,362s][info][gc,heap     ] GC(10) Old regions: 5->6
[2,362s][info][gc,heap     ] GC(10) Archive regions: 2->2
[2,362s][info][gc,heap     ] GC(10) Humongous regions: 0->0
[2,362s][info][gc,metaspace] GC(10) Metaspace: 47374K(47808K)->47374K(47808K) NonClass: 40547K(40768K)->40547K(40768K) Class: 6826K(7040K)->6826K(7040K)
[2,362s][info][gc          ] GC(10) Pause Young (Mixed) (G1 Evacuation Pause) 31M->27M(120M) 4,566ms
[2,362s][info][gc,cpu      ] GC(10) User=0,02s Sys=0,00s Real=0,00s
[2,769s][info][gc,start    ] GC(11) Pause Young (Normal) (G1 Evacuation Pause)
[2,769s][info][gc,task     ] GC(11) Using 5 workers of 10 for evacuation
[2,773s][info][gc,phases   ] GC(11)   Pre Evacuate Collection Set: 0,1ms
[2,773s][info][gc,phases   ] GC(11)   Merge Heap Roots: 0,1ms
[2,773s][info][gc,phases   ] GC(11)   Evacuate Collection Set: 3,6ms
[2,773s][info][gc,phases   ] GC(11)   Post Evacuate Collection Set: 0,6ms
[2,773s][info][gc,phases   ] GC(11)   Other: 0,1ms
[2,773s][info][gc,heap     ] GC(11) Eden regions: 14->0(14)
[2,773s][info][gc,heap     ] GC(11) Survivor regions: 1->1(2)
[2,773s][info][gc,heap     ] GC(11) Old regions: 6->6
[2,773s][info][gc,heap     ] GC(11) Archive regions: 2->2
[2,773s][info][gc,heap     ] GC(11) Humongous regions: 0->0
[2,773s][info][gc,metaspace] GC(11) Metaspace: 50722K(51264K)->50722K(51264K) NonClass: 43364K(43648K)->43364K(43648K) Class: 7357K(7616K)->7357K(7616K)
[2,773s][info][gc          ] GC(11) Pause Young (Normal) (G1 Evacuation Pause) 83M->30M(120M) 4,493ms
[2,773s][info][gc,cpu      ] GC(11) User=0,02s Sys=0,00s Real=0,01s
[2,783s][info][gc,heap,exit] Heap
[2,783s][info][gc,heap,exit]  garbage-first heap   total 122880K, used 33210K [0x0000000614000000, 0x0000000800000000)
[2,783s][info][gc,heap,exit]   region size 4096K, 2 young (8192K), 1 survivors (4096K)
[2,783s][info][gc,heap,exit]  Metaspace       used 50863K, committed 51392K, reserved 1114112K
[2,783s][info][gc,heap,exit]   class space    used 7377K, committed 7616K, reserved 1048576K
