[0.002s][info][gc] Using G1
[0.003s][info][gc,init] Version: 17.0.12+7-Ubuntu-1ubuntu222.04 (release)
[0.003s][info][gc,init] CPUs: 12 total, 12 available
[0.003s][info][gc,init] Memory: 31474M
[0.003s][info][gc,init] Large Page Support: Disabled
[0.003s][info][gc,init] NUMA Support: Disabled
[0.003s][info][gc,init] Compressed Oops: Enabled (Zero based)
[0.003s][info][gc,init] Heap Region Size: 4M
[0.003s][info][gc,init] Heap Min Capacity: 8M
[0.003s][info][gc,init] Heap Initial Capacity: 492M
[0.003s][info][gc,init] Heap Max Capacity: 7872M
[0.003s][info][gc,init] Pre-touch: Disabled
[0.003s][info][gc,init] Parallel Workers: 10
[0.003s][info][gc,init] Concurrent Workers: 3
[0.003s][info][gc,init] Concurrent Refinement Workers: 10
[0.003s][info][gc,init] Periodic GC: Disabled
[0.007s][info][gc,metaspace] CDS archive(s) mapped at: [0x00007f0283000000-0x00007f0283bc4000-0x00007f0283bc4000), size 12337152, SharedBaseAddress: 0x00007f0283000000, ArchiveRelocationMode: 1.
[0.007s][info][gc,metaspace] Compressed class space mapped at: 0x00007f0284000000-0x00007f02c4000000, reserved size: 1073741824
[0.007s][info][gc,metaspace] Narrow klass base: 0x00007f0283000000, Narrow klass shift: 0, Narrow klass range: 0x100000000
[0,260s][info][gc,start    ] GC(0) Pause Young (Normal) (G1 Evacuation Pause)
[0,261s][info][gc,task     ] GC(0) Using 10 workers of 10 for evacuation
[0,263s][info][gc,phases   ] GC(0)   Pre Evacuate Collection Set: 0,1ms
[0,263s][info][gc,phases   ] GC(0)   Merge Heap Roots: 0,1ms
[0,263s][info][gc,phases   ] GC(0)   Evacuate Collection Set: 1,6ms
[0,263s][info][gc,phases   ] GC(0)   Post Evacuate Collection Set: 0,3ms
[0,263s][info][gc,phases   ] GC(0)   Other: 0,7ms
[0,263s][info][gc,heap     ] GC(0) Eden regions: 6->0(5)
[0,263s][info][gc,heap     ] GC(0) Survivor regions: 0->1(1)
[0,263s][info][gc,heap     ] GC(0) Old regions: 0->1
[0,263s][info][gc,heap     ] GC(0) Archive regions: 2->2
[0,263s][info][gc,heap     ] GC(0) Humongous regions: 0->0
[0,263s][info][gc,metaspace] GC(0) Metaspace: 5196K(5312K)->5196K(5312K) NonClass: 4490K(4544K)->4490K(4544K) Class: 706K(768K)->706K(768K)
[0,263s][info][gc          ] GC(0) Pause Young (Normal) (G1 Evacuation Pause) 27M->9M(500M) 2,957ms
[0,263s][info][gc,cpu      ] GC(0) User=0,01s Sys=0,01s Real=0,00s
[0,429s][info][gc,start    ] GC(1) Pause Young (Normal) (G1 Evacuation Pause)
[0,429s][info][gc,task     ] GC(1) Using 10 workers of 10 for evacuation
[0,431s][info][gc,phases   ] GC(1)   Pre Evacuate Collection Set: 0,1ms
[0,431s][info][gc,phases   ] GC(1)   Merge Heap Roots: 0,1ms
[0,431s][info][gc,phases   ] GC(1)   Evacuate Collection Set: 1,9ms
[0,431s][info][gc,phases   ] GC(1)   Post Evacuate Collection Set: 0,2ms
[0,431s][info][gc,phases   ] GC(1)   Other: 0,2ms
[0,431s][info][gc,heap     ] GC(1) Eden regions: 5->0(10)
[0,431s][info][gc,heap     ] GC(1) Survivor regions: 1->1(1)
[0,431s][info][gc,heap     ] GC(1) Old regions: 1->2
[0,431s][info][gc,heap     ] GC(1) Archive regions: 2->2
[0,431s][info][gc,heap     ] GC(1) Humongous regions: 0->0
[0,431s][info][gc,metaspace] GC(1) Metaspace: 9553K(9792K)->9553K(9792K) NonClass: 8234K(8320K)->8234K(8320K) Class: 1318K(1472K)->1318K(1472K)
[0,431s][info][gc          ] GC(1) Pause Young (Normal) (G1 Evacuation Pause) 29M->11M(500M) 2,532ms
[0,431s][info][gc,cpu      ] GC(1) User=0,01s Sys=0,00s Real=0,01s
[0,650s][info][gc,start    ] GC(2) Pause Young (Normal) (G1 Evacuation Pause)
[0,650s][info][gc,task     ] GC(2) Using 10 workers of 10 for evacuation
[0,654s][info][gc,phases   ] GC(2)   Pre Evacuate Collection Set: 0,1ms
[0,654s][info][gc,phases   ] GC(2)   Merge Heap Roots: 0,1ms
[0,654s][info][gc,phases   ] GC(2)   Evacuate Collection Set: 2,6ms
[0,654s][info][gc,phases   ] GC(2)   Post Evacuate Collection Set: 0,4ms
[0,654s][info][gc,phases   ] GC(2)   Other: 0,1ms
[0,654s][info][gc,heap     ] GC(2) Eden regions: 10->0(41)
[0,654s][info][gc,heap     ] GC(2) Survivor regions: 1->2(2)
[0,654s][info][gc,heap     ] GC(2) Old regions: 2->2
[0,654s][info][gc,heap     ] GC(2) Archive regions: 2->2
[0,654s][info][gc,heap     ] GC(2) Humongous regions: 0->0
[0,654s][info][gc,metaspace] GC(2) Metaspace: 16558K(16832K)->16558K(16832K) NonClass: 14319K(14464K)->14319K(14464K) Class: 2238K(2368K)->2238K(2368K)
[0,654s][info][gc          ] GC(2) Pause Young (Normal) (G1 Evacuation Pause) 51M->15M(500M) 3,373ms
[0,654s][info][gc,cpu      ] GC(2) User=0,02s Sys=0,00s Real=0,01s
[1,089s][info][gc,start    ] GC(3) Pause Young (Concurrent Start) (Metadata GC Threshold)
[1,089s][info][gc,task     ] GC(3) Using 10 workers of 10 for evacuation
[1,093s][info][gc,phases   ] GC(3)   Pre Evacuate Collection Set: 0,1ms
[1,093s][info][gc,phases   ] GC(3)   Merge Heap Roots: 0,1ms
[1,093s][info][gc,phases   ] GC(3)   Evacuate Collection Set: 3,9ms
[1,093s][info][gc,phases   ] GC(3)   Post Evacuate Collection Set: 0,4ms
[1,093s][info][gc,phases   ] GC(3)   Other: 0,2ms
[1,093s][info][gc,heap     ] GC(3) Eden regions: 13->0(70)
[1,093s][info][gc,heap     ] GC(3) Survivor regions: 2->3(6)
[1,093s][info][gc,heap     ] GC(3) Old regions: 2->2
[1,093s][info][gc,heap     ] GC(3) Archive regions: 2->2
[1,093s][info][gc,heap     ] GC(3) Humongous regions: 0->0
[1,093s][info][gc,metaspace] GC(3) Metaspace: 21144K(21504K)->21144K(21504K) NonClass: 18179K(18368K)->18179K(18368K) Class: 2964K(3136K)->2964K(3136K)
[1,093s][info][gc          ] GC(3) Pause Young (Concurrent Start) (Metadata GC Threshold) 65M->18M(500M) 4,672ms
[1,093s][info][gc,cpu      ] GC(3) User=0,03s Sys=0,00s Real=0,01s
[1,093s][info][gc          ] GC(4) Concurrent Mark Cycle
[1,093s][info][gc,marking  ] GC(4) Concurrent Clear Claimed Marks
[1,093s][info][gc,marking  ] GC(4) Concurrent Clear Claimed Marks 0,034ms
[1,093s][info][gc,marking  ] GC(4) Concurrent Scan Root Regions
[1,098s][info][gc,marking  ] GC(4) Concurrent Scan Root Regions 4,092ms
[1,098s][info][gc,marking  ] GC(4) Concurrent Mark
[1,098s][info][gc,marking  ] GC(4) Concurrent Mark From Roots
[1,098s][info][gc,task     ] GC(4) Using 3 workers of 3 for marking
[1,099s][info][gc,marking  ] GC(4) Concurrent Mark From Roots 1,545ms
[1,099s][info][gc,marking  ] GC(4) Concurrent Preclean
[1,099s][info][gc,marking  ] GC(4) Concurrent Preclean 0,122ms
[1,099s][info][gc,start    ] GC(4) Pause Remark
[1,101s][info][gc          ] GC(4) Pause Remark 20M->20M(108M) 1,264ms
[1,101s][info][gc,cpu      ] GC(4) User=0,01s Sys=0,00s Real=0,00s
[1,101s][info][gc,marking  ] GC(4) Concurrent Mark 3,180ms
[1,101s][info][gc,marking  ] GC(4) Concurrent Rebuild Remembered Sets
[1,103s][info][gc,marking  ] GC(4) Concurrent Rebuild Remembered Sets 1,803ms
[1,103s][info][gc,start    ] GC(4) Pause Cleanup
[1,103s][info][gc          ] GC(4) Pause Cleanup 20M->20M(108M) 0,085ms
[1,103s][info][gc,cpu      ] GC(4) User=0,00s Sys=0,00s Real=0,00s
[1,103s][info][gc,marking  ] GC(4) Concurrent Cleanup for Next Mark
[1,103s][info][gc,marking  ] GC(4) Concurrent Cleanup for Next Mark 0,451ms
[1,103s][info][gc          ] GC(4) Concurrent Mark Cycle 9,977ms
[1,502s][info][gc,start    ] GC(5) Pause Young (Prepare Mixed) (G1 Evacuation Pause)
[1,502s][info][gc,task     ] GC(5) Using 6 workers of 10 for evacuation
[1,510s][info][gc,phases   ] GC(5)   Pre Evacuate Collection Set: 0,1ms
[1,510s][info][gc,phases   ] GC(5)   Merge Heap Roots: 0,1ms
[1,510s][info][gc,phases   ] GC(5)   Evacuate Collection Set: 7,1ms
[1,510s][info][gc,phases   ] GC(5)   Post Evacuate Collection Set: 0,5ms
[1,510s][info][gc,phases   ] GC(5)   Other: 0,1ms
[1,510s][info][gc,heap     ] GC(5) Eden regions: 13->0(1)
[1,510s][info][gc,heap     ] GC(5) Survivor regions: 3->2(2)
[1,510s][info][gc,heap     ] GC(5) Old regions: 2->4
[1,510s][info][gc,heap     ] GC(5) Archive regions: 2->2
[1,510s][info][gc,heap     ] GC(5) Humongous regions: 0->0
[1,510s][info][gc,metaspace] GC(5) Metaspace: 28709K(29184K)->28709K(29184K) NonClass: 24704K(24960K)->24704K(24960K) Class: 4005K(4224K)->4005K(4224K)
[1,510s][info][gc          ] GC(5) Pause Young (Prepare Mixed) (G1 Evacuation Pause) 70M->21M(108M) 8,093ms
[1,510s][info][gc,cpu      ] GC(5) User=0,04s Sys=0,01s Real=0,00s
[1,547s][info][gc,start    ] GC(6) Pause Young (Mixed) (G1 Evacuation Pause)
[1,547s][info][gc,task     ] GC(6) Using 4 workers of 10 for evacuation
[1,553s][info][gc,phases   ] GC(6)   Pre Evacuate Collection Set: 0,1ms
[1,554s][info][gc,phases   ] GC(6)   Merge Heap Roots: 0,1ms
[1,554s][info][gc,phases   ] GC(6)   Evacuate Collection Set: 5,3ms
[1,554s][info][gc,phases   ] GC(6)   Post Evacuate Collection Set: 0,6ms
[1,554s][info][gc,phases   ] GC(6)   Other: 0,1ms
[1,554s][info][gc,heap     ] GC(6) Eden regions: 1->0(44)
[1,554s][info][gc,heap     ] GC(6) Survivor regions: 2->1(1)
[1,554s][info][gc,heap     ] GC(6) Old regions: 4->5
[1,554s][info][gc,heap     ] GC(6) Archive regions: 2->2
[1,554s][info][gc,heap     ] GC(6) Humongous regions: 0->0
[1,554s][info][gc,metaspace] GC(6) Metaspace: 28902K(29376K)->28902K(29376K) NonClass: 24853K(25088K)->24853K(25088K) Class: 4048K(4288K)->4048K(4288K)
[1,554s][info][gc          ] GC(6) Pause Young (Mixed) (G1 Evacuation Pause) 25M->22M(300M) 6,334ms
[1,554s][info][gc,cpu      ] GC(6) User=0,02s Sys=0,00s Real=0,01s
[1,871s][info][gc,start    ] GC(7) Pause Young (Concurrent Start) (Metadata GC Threshold)
[1,871s][info][gc,task     ] GC(7) Using 8 workers of 10 for evacuation
[1,875s][info][gc,phases   ] GC(7)   Pre Evacuate Collection Set: 0,1ms
[1,875s][info][gc,phases   ] GC(7)   Merge Heap Roots: 0,1ms
[1,875s][info][gc,phases   ] GC(7)   Evacuate Collection Set: 2,9ms
[1,875s][info][gc,phases   ] GC(7)   Post Evacuate Collection Set: 0,3ms
[1,875s][info][gc,phases   ] GC(7)   Other: 0,2ms
[1,875s][info][gc,heap     ] GC(7) Eden regions: 11->0(44)
[1,875s][info][gc,heap     ] GC(7) Survivor regions: 1->1(6)
[1,875s][info][gc,heap     ] GC(7) Old regions: 5->5
[1,875s][info][gc,heap     ] GC(7) Archive regions: 2->2
[1,875s][info][gc,heap     ] GC(7) Humongous regions: 0->0
[1,875s][info][gc,metaspace] GC(7) Metaspace: 35744K(36096K)->35744K(36096K) NonClass: 30601K(30784K)->30601K(30784K) Class: 5142K(5312K)->5142K(5312K)
[1,875s][info][gc          ] GC(7) Pause Young (Concurrent Start) (Metadata GC Threshold) 64M->23M(300M) 3,672ms
[1,875s][info][gc,cpu      ] GC(7) User=0,02s Sys=0,00s Real=0,00s
[1,875s][info][gc          ] GC(8) Concurrent Mark Cycle
[1,875s][info][gc,marking  ] GC(8) Concurrent Clear Claimed Marks
[1,875s][info][gc,marking  ] GC(8) Concurrent Clear Claimed Marks 0,061ms
[1,875s][info][gc,marking  ] GC(8) Concurrent Scan Root Regions
[1,878s][info][gc,marking  ] GC(8) Concurrent Scan Root Regions 3,252ms
[1,878s][info][gc,marking  ] GC(8) Concurrent Mark
[1,878s][info][gc,marking  ] GC(8) Concurrent Mark From Roots
[1,878s][info][gc,task     ] GC(8) Using 3 workers of 3 for marking
[1,890s][info][gc,marking  ] GC(8) Concurrent Mark From Roots 11,244ms
[1,890s][info][gc,marking  ] GC(8) Concurrent Preclean
[1,890s][info][gc,marking  ] GC(8) Concurrent Preclean 0,214ms
[1,890s][info][gc,start    ] GC(8) Pause Remark
[1,892s][info][gc          ] GC(8) Pause Remark 25M->25M(120M) 1,584ms
[1,892s][info][gc,cpu      ] GC(8) User=0,00s Sys=0,00s Real=0,01s
[1,892s][info][gc,marking  ] GC(8) Concurrent Mark 13,234ms
[1,892s][info][gc,marking  ] GC(8) Concurrent Rebuild Remembered Sets
[1,898s][info][gc,marking  ] GC(8) Concurrent Rebuild Remembered Sets 5,966ms
[1,898s][info][gc,start    ] GC(8) Pause Cleanup
[1,898s][info][gc          ] GC(8) Pause Cleanup 25M->25M(120M) 0,093ms
[1,898s][info][gc,cpu      ] GC(8) User=0,00s Sys=0,00s Real=0,00s
[1,898s][info][gc,marking  ] GC(8) Concurrent Cleanup for Next Mark
[1,898s][info][gc,marking  ] GC(8) Concurrent Cleanup for Next Mark 0,495ms
[1,898s][info][gc          ] GC(8) Concurrent Mark Cycle 23,420ms
[2,407s][info][gc,start    ] GC(9) Pause Young (Prepare Mixed) (G1 Evacuation Pause)
[2,407s][info][gc,task     ] GC(9) Using 8 workers of 10 for evacuation
[2,412s][info][gc,phases   ] GC(9)   Pre Evacuate Collection Set: 0,1ms
[2,412s][info][gc,phases   ] GC(9)   Merge Heap Roots: 0,1ms
[2,412s][info][gc,phases   ] GC(9)   Evacuate Collection Set: 4,3ms
[2,412s][info][gc,phases   ] GC(9)   Post Evacuate Collection Set: 0,4ms
[2,412s][info][gc,phases   ] GC(9)   Other: 0,1ms
[2,412s][info][gc,heap     ] GC(9) Eden regions: 17->0(1)
[2,412s][info][gc,heap     ] GC(9) Survivor regions: 1->2(3)
[2,412s][info][gc,heap     ] GC(9) Old regions: 5->5
[2,412s][info][gc,heap     ] GC(9) Archive regions: 2->2
[2,412s][info][gc,heap     ] GC(9) Humongous regions: 0->0
[2,412s][info][gc,metaspace] GC(9) Metaspace: 47538K(48000K)->47538K(48000K) NonClass: 40691K(40960K)->40691K(40960K) Class: 6846K(7040K)->6846K(7040K)
[2,412s][info][gc          ] GC(9) Pause Young (Prepare Mixed) (G1 Evacuation Pause) 91M->27M(120M) 5,061ms
[2,412s][info][gc,cpu      ] GC(9) User=0,04s Sys=0,00s Real=0,01s
[2,441s][info][gc,start    ] GC(10) Pause Young (Mixed) (G1 Evacuation Pause)
[2,441s][info][gc,task     ] GC(10) Using 8 workers of 10 for evacuation
[2,445s][info][gc,phases   ] GC(10)   Pre Evacuate Collection Set: 0,1ms
[2,445s][info][gc,phases   ] GC(10)   Merge Heap Roots: 0,1ms
[2,445s][info][gc,phases   ] GC(10)   Evacuate Collection Set: 3,5ms
[2,445s][info][gc,phases   ] GC(10)   Post Evacuate Collection Set: 0,4ms
[2,445s][info][gc,phases   ] GC(10)   Other: 0,1ms
[2,445s][info][gc,heap     ] GC(10) Eden regions: 1->0(14)
[2,445s][info][gc,heap     ] GC(10) Survivor regions: 2->1(1)
[2,445s][info][gc,heap     ] GC(10) Old regions: 5->6
[2,445s][info][gc,heap     ] GC(10) Archive regions: 2->2
[2,445s][info][gc,heap     ] GC(10) Humongous regions: 0->0
[2,445s][info][gc,metaspace] GC(10) Metaspace: 47807K(48256K)->47807K(48256K) NonClass: 40917K(41152K)->40917K(41152K) Class: 6890K(7104K)->6890K(7104K)
[2,445s][info][gc          ] GC(10) Pause Young (Mixed) (G1 Evacuation Pause) 31M->27M(120M) 4,267ms
[2,445s][info][gc,cpu      ] GC(10) User=0,03s Sys=0,00s Real=0,00s
[2,814s][info][gc,start    ] GC(11) Pause Young (Normal) (G1 Evacuation Pause)
[2,814s][info][gc,task     ] GC(11) Using 8 workers of 10 for evacuation
[2,818s][info][gc,phases   ] GC(11)   Pre Evacuate Collection Set: 0,1ms
[2,818s][info][gc,phases   ] GC(11)   Merge Heap Roots: 0,1ms
[2,818s][info][gc,phases   ] GC(11)   Evacuate Collection Set: 3,1ms
[2,818s][info][gc,phases   ] GC(11)   Post Evacuate Collection Set: 0,4ms
[2,818s][info][gc,phases   ] GC(11)   Other: 0,1ms
[2,818s][info][gc,heap     ] GC(11) Eden regions: 14->0(13)
[2,818s][info][gc,heap     ] GC(11) Survivor regions: 1->2(2)
[2,818s][info][gc,heap     ] GC(11) Old regions: 6->6
[2,818s][info][gc,heap     ] GC(11) Archive regions: 2->2
[2,818s][info][gc,heap     ] GC(11) Humongous regions: 0->0
[2,818s][info][gc,metaspace] GC(11) Metaspace: 50919K(51456K)->50919K(51456K) NonClass: 43549K(43840K)->43549K(43840K) Class: 7370K(7616K)->7370K(7616K)
[2,818s][info][gc          ] GC(11) Pause Young (Normal) (G1 Evacuation Pause) 83M->30M(120M) 3,855ms
[2,818s][info][gc,cpu      ] GC(11) User=0,02s Sys=0,00s Real=0,00s
[176,867s][info][gc,heap,exit] Heap
[176,867s][info][gc,heap,exit]  garbage-first heap   total 122880K, used 48120K [0x0000000614000000, 0x0000000800000000)
[176,867s][info][gc,heap,exit]   region size 4096K, 6 young (24576K), 2 survivors (8192K)
[176,867s][info][gc,heap,exit]  Metaspace       used 54094K, committed 54656K, reserved 1114112K
[176,867s][info][gc,heap,exit]   class space    used 7809K, committed 8064K, reserved 1048576K
