[0.002s][info][gc] Using G1
[0.004s][info][gc,init] Version: 17.0.12+7-Ubuntu-1ubuntu222.04 (release)
[0.004s][info][gc,init] CPUs: 12 total, 12 available
[0.004s][info][gc,init] Memory: 31474M
[0.004s][info][gc,init] Large Page Support: Disabled
[0.004s][info][gc,init] NUMA Support: Disabled
[0.004s][info][gc,init] Compressed Oops: Enabled (Zero based)
[0.004s][info][gc,init] Heap Region Size: 4M
[0.004s][info][gc,init] Heap Min Capacity: 8M
[0.004s][info][gc,init] Heap Initial Capacity: 492M
[0.004s][info][gc,init] Heap Max Capacity: 7872M
[0.004s][info][gc,init] Pre-touch: Disabled
[0.004s][info][gc,init] Parallel Workers: 10
[0.004s][info][gc,init] Concurrent Workers: 3
[0.004s][info][gc,init] Concurrent Refinement Workers: 10
[0.004s][info][gc,init] Periodic GC: Disabled
[0.009s][info][gc,metaspace] CDS archive(s) mapped at: [0x00007f3587000000-0x00007f3587bc4000-0x00007f3587bc4000), size 12337152, SharedBaseAddress: 0x00007f3587000000, ArchiveRelocationMode: 1.
[0.009s][info][gc,metaspace] Compressed class space mapped at: 0x00007f3588000000-0x00007f35c8000000, reserved size: 1073741824
[0.009s][info][gc,metaspace] Narrow klass base: 0x00007f3587000000, Narrow klass shift: 0, Narrow klass range: 0x100000000
[0,319s][info][gc,start    ] GC(0) Pause Young (Normal) (G1 Evacuation Pause)
[0,319s][info][gc,task     ] GC(0) Using 10 workers of 10 for evacuation
[0,322s][info][gc,phases   ] GC(0)   Pre Evacuate Collection Set: 0,1ms
[0,322s][info][gc,phases   ] GC(0)   Merge Heap Roots: 0,1ms
[0,322s][info][gc,phases   ] GC(0)   Evacuate Collection Set: 1,9ms
[0,322s][info][gc,phases   ] GC(0)   Post Evacuate Collection Set: 0,3ms
[0,322s][info][gc,phases   ] GC(0)   Other: 0,6ms
[0,322s][info][gc,heap     ] GC(0) Eden regions: 6->0(5)
[0,322s][info][gc,heap     ] GC(0) Survivor regions: 0->1(1)
[0,322s][info][gc,heap     ] GC(0) Old regions: 0->1
[0,322s][info][gc,heap     ] GC(0) Archive regions: 2->2
[0,322s][info][gc,heap     ] GC(0) Humongous regions: 0->0
[0,322s][info][gc,metaspace] GC(0) Metaspace: 5271K(5504K)->5271K(5504K) NonClass: 4553K(4672K)->4553K(4672K) Class: 718K(832K)->718K(832K)
[0,322s][info][gc          ] GC(0) Pause Young (Normal) (G1 Evacuation Pause) 27M->9M(500M) 3,003ms
[0,322s][info][gc,cpu      ] GC(0) User=0,02s Sys=0,00s Real=0,00s
[0,484s][info][gc,start    ] GC(1) Pause Young (Normal) (G1 Evacuation Pause)
[0,484s][info][gc,task     ] GC(1) Using 10 workers of 10 for evacuation
[0,487s][info][gc,phases   ] GC(1)   Pre Evacuate Collection Set: 0,1ms
[0,487s][info][gc,phases   ] GC(1)   Merge Heap Roots: 0,1ms
[0,487s][info][gc,phases   ] GC(1)   Evacuate Collection Set: 1,8ms
[0,487s][info][gc,phases   ] GC(1)   Post Evacuate Collection Set: 0,2ms
[0,487s][info][gc,phases   ] GC(1)   Other: 0,1ms
[0,487s][info][gc,heap     ] GC(1) Eden regions: 5->0(10)
[0,487s][info][gc,heap     ] GC(1) Survivor regions: 1->1(1)
[0,487s][info][gc,heap     ] GC(1) Old regions: 1->2
[0,487s][info][gc,heap     ] GC(1) Archive regions: 2->2
[0,487s][info][gc,heap     ] GC(1) Humongous regions: 0->0
[0,487s][info][gc,metaspace] GC(1) Metaspace: 9596K(9856K)->9596K(9856K) NonClass: 8275K(8384K)->8275K(8384K) Class: 1321K(1472K)->1321K(1472K)
[0,487s][info][gc          ] GC(1) Pause Young (Normal) (G1 Evacuation Pause) 29M->11M(500M) 2,400ms
[0,487s][info][gc,cpu      ] GC(1) User=0,01s Sys=0,01s Real=0,00s
[0,707s][info][gc,start    ] GC(2) Pause Young (Normal) (G1 Evacuation Pause)
[0,707s][info][gc,task     ] GC(2) Using 10 workers of 10 for evacuation
[0,710s][info][gc,phases   ] GC(2)   Pre Evacuate Collection Set: 0,1ms
[0,710s][info][gc,phases   ] GC(2)   Merge Heap Roots: 0,1ms
[0,710s][info][gc,phases   ] GC(2)   Evacuate Collection Set: 2,8ms
[0,710s][info][gc,phases   ] GC(2)   Post Evacuate Collection Set: 0,4ms
[0,710s][info][gc,phases   ] GC(2)   Other: 0,1ms
[0,710s][info][gc,heap     ] GC(2) Eden regions: 10->0(44)
[0,710s][info][gc,heap     ] GC(2) Survivor regions: 1->2(2)
[0,710s][info][gc,heap     ] GC(2) Old regions: 2->2
[0,710s][info][gc,heap     ] GC(2) Archive regions: 2->2
[0,710s][info][gc,heap     ] GC(2) Humongous regions: 0->0
[0,710s][info][gc,metaspace] GC(2) Metaspace: 16557K(16832K)->16557K(16832K) NonClass: 14319K(14464K)->14319K(14464K) Class: 2237K(2368K)->2237K(2368K)
[0,710s][info][gc          ] GC(2) Pause Young (Normal) (G1 Evacuation Pause) 51M->15M(500M) 3,609ms
[0,710s][info][gc,cpu      ] GC(2) User=0,02s Sys=0,00s Real=0,01s
[1,141s][info][gc,start    ] GC(3) Pause Young (Concurrent Start) (Metadata GC Threshold)
[1,141s][info][gc,task     ] GC(3) Using 10 workers of 10 for evacuation
[1,146s][info][gc,phases   ] GC(3)   Pre Evacuate Collection Set: 0,1ms
[1,146s][info][gc,phases   ] GC(3)   Merge Heap Roots: 0,1ms
[1,146s][info][gc,phases   ] GC(3)   Evacuate Collection Set: 4,4ms
[1,146s][info][gc,phases   ] GC(3)   Post Evacuate Collection Set: 0,4ms
[1,146s][info][gc,phases   ] GC(3)   Other: 0,2ms
[1,146s][info][gc,heap     ] GC(3) Eden regions: 13->0(70)
[1,146s][info][gc,heap     ] GC(3) Survivor regions: 2->3(6)
[1,146s][info][gc,heap     ] GC(3) Old regions: 2->2
[1,146s][info][gc,heap     ] GC(3) Archive regions: 2->2
[1,146s][info][gc,heap     ] GC(3) Humongous regions: 0->0
[1,146s][info][gc,metaspace] GC(3) Metaspace: 21127K(21504K)->21127K(21504K) NonClass: 18167K(18368K)->18167K(18368K) Class: 2959K(3136K)->2959K(3136K)
[1,146s][info][gc          ] GC(3) Pause Young (Concurrent Start) (Metadata GC Threshold) 67M->18M(500M) 5,380ms
[1,146s][info][gc,cpu      ] GC(3) User=0,03s Sys=0,01s Real=0,00s
[1,146s][info][gc          ] GC(4) Concurrent Mark Cycle
[1,146s][info][gc,marking  ] GC(4) Concurrent Clear Claimed Marks
[1,147s][info][gc,marking  ] GC(4) Concurrent Clear Claimed Marks 0,047ms
[1,147s][info][gc,marking  ] GC(4) Concurrent Scan Root Regions
[1,151s][info][gc,marking  ] GC(4) Concurrent Scan Root Regions 4,239ms
[1,151s][info][gc,marking  ] GC(4) Concurrent Mark
[1,151s][info][gc,marking  ] GC(4) Concurrent Mark From Roots
[1,151s][info][gc,task     ] GC(4) Using 3 workers of 3 for marking
[1,153s][info][gc,marking  ] GC(4) Concurrent Mark From Roots 2,472ms
[1,153s][info][gc,marking  ] GC(4) Concurrent Preclean
[1,153s][info][gc,marking  ] GC(4) Concurrent Preclean 0,145ms
[1,154s][info][gc,start    ] GC(4) Pause Remark
[1,155s][info][gc          ] GC(4) Pause Remark 20M->20M(108M) 1,381ms
[1,155s][info][gc,cpu      ] GC(4) User=0,00s Sys=0,00s Real=0,00s
[1,155s][info][gc,marking  ] GC(4) Concurrent Mark 4,208ms
[1,155s][info][gc,marking  ] GC(4) Concurrent Rebuild Remembered Sets
[1,157s][info][gc,marking  ] GC(4) Concurrent Rebuild Remembered Sets 1,519ms
[1,157s][info][gc,start    ] GC(4) Pause Cleanup
[1,157s][info][gc          ] GC(4) Pause Cleanup 20M->20M(108M) 0,095ms
[1,157s][info][gc,cpu      ] GC(4) User=0,00s Sys=0,00s Real=0,00s
[1,157s][info][gc,marking  ] GC(4) Concurrent Cleanup for Next Mark
[1,157s][info][gc,marking  ] GC(4) Concurrent Cleanup for Next Mark 0,557ms
[1,157s][info][gc          ] GC(4) Concurrent Mark Cycle 10,986ms
[1,563s][info][gc,start    ] GC(5) Pause Young (Normal) (G1 Evacuation Pause)
[1,563s][info][gc,task     ] GC(5) Using 6 workers of 10 for evacuation
[1,571s][info][gc,phases   ] GC(5)   Pre Evacuate Collection Set: 0,1ms
[1,571s][info][gc,phases   ] GC(5)   Merge Heap Roots: 0,1ms
[1,571s][info][gc,phases   ] GC(5)   Evacuate Collection Set: 6,8ms
[1,571s][info][gc,phases   ] GC(5)   Post Evacuate Collection Set: 0,6ms
[1,571s][info][gc,phases   ] GC(5)   Other: 0,1ms
[1,571s][info][gc,heap     ] GC(5) Eden regions: 13->0(12)
[1,571s][info][gc,heap     ] GC(5) Survivor regions: 3->2(2)
[1,571s][info][gc,heap     ] GC(5) Old regions: 2->4
[1,571s][info][gc,heap     ] GC(5) Archive regions: 2->2
[1,571s][info][gc,heap     ] GC(5) Humongous regions: 0->0
[1,571s][info][gc,metaspace] GC(5) Metaspace: 28706K(29184K)->28706K(29184K) NonClass: 24703K(24960K)->24703K(24960K) Class: 4002K(4224K)->4002K(4224K)
[1,571s][info][gc          ] GC(5) Pause Young (Normal) (G1 Evacuation Pause) 70M->22M(108M) 7,778ms
[1,571s][info][gc,cpu      ] GC(5) User=0,03s Sys=0,01s Real=0,01s
[1,892s][info][gc,start    ] GC(6) Pause Young (Concurrent Start) (Metadata GC Threshold)
[1,892s][info][gc,task     ] GC(6) Using 8 workers of 10 for evacuation
[1,897s][info][gc,phases   ] GC(6)   Pre Evacuate Collection Set: 0,1ms
[1,897s][info][gc,phases   ] GC(6)   Merge Heap Roots: 0,1ms
[1,897s][info][gc,phases   ] GC(6)   Evacuate Collection Set: 4,1ms
[1,897s][info][gc,phases   ] GC(6)   Post Evacuate Collection Set: 0,6ms
[1,897s][info][gc,phases   ] GC(6)   Other: 0,2ms
[1,897s][info][gc,heap     ] GC(6) Eden regions: 12->0(43)
[1,897s][info][gc,heap     ] GC(6) Survivor regions: 2->2(2)
[1,897s][info][gc,heap     ] GC(6) Old regions: 4->4
[1,897s][info][gc,heap     ] GC(6) Archive regions: 2->2
[1,897s][info][gc,heap     ] GC(6) Humongous regions: 0->0
[1,897s][info][gc,metaspace] GC(6) Metaspace: 35759K(36096K)->35759K(36096K) NonClass: 30613K(30784K)->30613K(30784K) Class: 5145K(5312K)->5145K(5312K)
[1,897s][info][gc          ] GC(6) Pause Young (Concurrent Start) (Metadata GC Threshold) 66M->24M(300M) 5,087ms
[1,897s][info][gc,cpu      ] GC(6) User=0,02s Sys=0,00s Real=0,00s
[1,897s][info][gc          ] GC(7) Concurrent Mark Cycle
[1,897s][info][gc,marking  ] GC(7) Concurrent Clear Claimed Marks
[1,897s][info][gc,marking  ] GC(7) Concurrent Clear Claimed Marks 0,061ms
[1,897s][info][gc,marking  ] GC(7) Concurrent Scan Root Regions
[1,902s][info][gc,marking  ] GC(7) Concurrent Scan Root Regions 5,002ms
[1,902s][info][gc,marking  ] GC(7) Concurrent Mark
[1,902s][info][gc,marking  ] GC(7) Concurrent Mark From Roots
[1,902s][info][gc,task     ] GC(7) Using 3 workers of 3 for marking
[1,908s][info][gc,marking  ] GC(7) Concurrent Mark From Roots 6,387ms
[1,908s][info][gc,marking  ] GC(7) Concurrent Preclean
[1,908s][info][gc,marking  ] GC(7) Concurrent Preclean 0,162ms
[1,909s][info][gc,start    ] GC(7) Pause Remark
[1,910s][info][gc          ] GC(7) Pause Remark 26M->26M(120M) 1,586ms
[1,910s][info][gc,cpu      ] GC(7) User=0,01s Sys=0,00s Real=0,01s
[1,910s][info][gc,marking  ] GC(7) Concurrent Mark 8,396ms
[1,910s][info][gc,marking  ] GC(7) Concurrent Rebuild Remembered Sets
[1,917s][info][gc,marking  ] GC(7) Concurrent Rebuild Remembered Sets 6,336ms
[1,917s][info][gc,start    ] GC(7) Pause Cleanup
[1,917s][info][gc          ] GC(7) Pause Cleanup 28M->28M(120M) 0,098ms
[1,917s][info][gc,cpu      ] GC(7) User=0,00s Sys=0,00s Real=0,00s
[1,917s][info][gc,marking  ] GC(7) Concurrent Cleanup for Next Mark
[1,917s][info][gc,marking  ] GC(7) Concurrent Cleanup for Next Mark 0,482ms
[1,917s][info][gc          ] GC(7) Concurrent Mark Cycle 20,662ms
[2,418s][info][gc,start    ] GC(8) Pause Young (Normal) (G1 Evacuation Pause)
[2,418s][info][gc,task     ] GC(8) Using 8 workers of 10 for evacuation
[2,424s][info][gc,phases   ] GC(8)   Pre Evacuate Collection Set: 0,1ms
[2,424s][info][gc,phases   ] GC(8)   Merge Heap Roots: 0,1ms
[2,424s][info][gc,phases   ] GC(8)   Evacuate Collection Set: 4,7ms
[2,424s][info][gc,phases   ] GC(8)   Post Evacuate Collection Set: 0,5ms
[2,424s][info][gc,phases   ] GC(8)   Other: 0,1ms
[2,424s][info][gc,heap     ] GC(8) Eden regions: 16->0(14)
[2,424s][info][gc,heap     ] GC(8) Survivor regions: 2->3(3)
[2,424s][info][gc,heap     ] GC(8) Old regions: 4->4
[2,424s][info][gc,heap     ] GC(8) Archive regions: 2->2
[2,424s][info][gc,heap     ] GC(8) Humongous regions: 0->0
[2,424s][info][gc,metaspace] GC(8) Metaspace: 47362K(47808K)->47362K(47808K) NonClass: 40531K(40768K)->40531K(40768K) Class: 6830K(7040K)->6830K(7040K)
[2,424s][info][gc          ] GC(8) Pause Young (Normal) (G1 Evacuation Pause) 88M->28M(120M) 5,641ms
[2,424s][info][gc,cpu      ] GC(8) User=0,04s Sys=0,00s Real=0,00s
[2,793s][info][gc,start    ] GC(9) Pause Young (Normal) (G1 Evacuation Pause)
[2,793s][info][gc,task     ] GC(9) Using 8 workers of 10 for evacuation
[2,801s][info][gc,phases   ] GC(9)   Pre Evacuate Collection Set: 0,1ms
[2,801s][info][gc,phases   ] GC(9)   Merge Heap Roots: 0,1ms
[2,801s][info][gc,phases   ] GC(9)   Evacuate Collection Set: 6,5ms
[2,801s][info][gc,phases   ] GC(9)   Post Evacuate Collection Set: 0,7ms
[2,801s][info][gc,phases   ] GC(9)   Other: 0,1ms
[2,801s][info][gc,heap     ] GC(9) Eden regions: 14->0(13)
[2,801s][info][gc,heap     ] GC(9) Survivor regions: 3->3(3)
[2,801s][info][gc,heap     ] GC(9) Old regions: 4->5
[2,801s][info][gc,heap     ] GC(9) Archive regions: 2->2
[2,801s][info][gc,heap     ] GC(9) Humongous regions: 0->0
[2,801s][info][gc,metaspace] GC(9) Metaspace: 50237K(50752K)->50237K(50752K) NonClass: 42989K(43264K)->42989K(43264K) Class: 7248K(7488K)->7248K(7488K)
[2,801s][info][gc          ] GC(9) Pause Young (Normal) (G1 Evacuation Pause) 84M->32M(120M) 7,659ms
[2,801s][info][gc,cpu      ] GC(9) User=0,05s Sys=0,00s Real=0,01s
[103,753s][info][gc,heap,exit] Heap
[103,753s][info][gc,heap,exit]  garbage-first heap   total 122880K, used 54359K [0x0000000614000000, 0x0000000800000000)
[103,753s][info][gc,heap,exit]   region size 4096K, 9 young (36864K), 3 survivors (12288K)
[103,753s][info][gc,heap,exit]  Metaspace       used 54077K, committed 54528K, reserved 1114112K
[103,753s][info][gc,heap,exit]   class space    used 7802K, committed 8000K, reserved 1048576K
